
         /\      Grafana   /‾‾/  
    /\  /  \     |\  __   /  /   
   /  \/    \    | |/ /  /   ‾‾\ 
  /          \   |   (  |  (‾)  |
 / __________ \  |_|\_\  \_____/ 


     execution: local
        script: load-test/large-db-insert-async.js
        output: -

     scenarios: (100.00%) 1 scenario, 300 max VUs, 10m30s max duration (incl. graceful stop):
              * insert_async: 34 iterations for each of 300 VUs (maxDuration: 10m0s, gracefulStop: 30s)



  █ TOTAL RESULTS 

    HTTP
    http_req_duration..............: avg=9.23ms  min=0s med=7.42ms max=79.23ms  p(90)=16.29ms p(95)=21.81ms
      { expected_response:true }...: avg=9.23ms  min=0s med=7.42ms max=79.23ms  p(90)=16.29ms p(95)=21.81ms
    http_req_failed................: 0.00%  0 out of 10200
    http_reqs......................: 10200  22313.762122/s

    EXECUTION
    iteration_duration.............: avg=11.77ms min=0s med=8.7ms  max=105.78ms p(90)=20.58ms p(95)=34.98ms
    iterations.....................: 10200  22313.762122/s

    NETWORK
    data_received..................: 745 kB 1.6 MB/s
    data_sent......................: 1.5 MB 3.2 MB/s




running (00m00.5s), 000/300 VUs, 10200 complete and 0 interrupted iterations
insert_async ✓ [ 100% ] 300 VUs  00m00.5s/10m0s  10200/10200 iters, 34 per VU
