
         /\      Grafana   /‾‾/  
    /\  /  \     |\  __   /  /   
   /  \/    \    | |/ /  /   ‾‾\ 
  /          \   |   (  |  (‾)  |
 / __________ \  |_|\_\  \_____/ 


     execution: local
        script: load-test/large-db-insert-then-update-async.js
        output: -

     scenarios: (100.00%) 1 scenario, 10 max VUs, 10m30s max duration (incl. graceful stop):
              * insert_then_update_async: 1000 iterations for each of 10 VUs (maxDuration: 10m0s, gracefulStop: 30s)


running (00m01.0s), 10/10 VUs, 8448 complete and 0 interrupted iterations
insert_then_update_async   [  84% ] 10 VUs  00m01.0s/10m0s  08448/10000 iters, 1000 per VU


  █ TOTAL RESULTS 

    HTTP
    http_req_duration..............: avg=477.79µs min=0s med=522.8µs max=5.79ms  p(90)=1ms    p(95)=1.13ms
      { expected_response:true }...: avg=477.79µs min=0s med=522.8µs max=5.79ms  p(90)=1ms    p(95)=1.13ms
    http_req_failed................: 0.00%  0 out of 20000
    http_reqs......................: 20000  16989.935587/s

    EXECUTION
    iteration_duration.............: avg=1.15ms   min=0s med=1.08ms  max=12.38ms p(90)=1.83ms p(95)=2.24ms
    iterations.....................: 10000  8494.967793/s
    vus............................: 10     min=10         max=10
    vus_max........................: 10     min=10         max=10

    NETWORK
    data_received..................: 1.5 MB 1.2 MB/s
    data_sent......................: 3.0 MB 2.5 MB/s




running (00m01.2s), 00/10 VUs, 10000 complete and 0 interrupted iterations
insert_then_update_async ✓ [ 100% ] 10 VUs  00m01.2s/10m0s  10000/10000 iters, 1000 per VU
