
         /\      Grafana   /‾‾/  
    /\  /  \     |\  __   /  /   
   /  \/    \    | |/ /  /   ‾‾\ 
  /          \   |   (  |  (‾)  |
 / __________ \  |_|\_\  \_____/ 


     execution: local
        script: load-test/large-db-insert-then-update-async.js
        output: -

     scenarios: (100.00%) 1 scenario, 100 max VUs, 10m30s max duration (incl. graceful stop):
              * insert_then_update_async: 100 iterations for each of 100 VUs (maxDuration: 10m0s, gracefulStop: 30s)



  █ TOTAL RESULTS 

    HTTP
    http_req_duration..............: avg=2.81ms min=0s med=2ms    max=40.74ms p(90)=5.16ms  p(95)=7.18ms 
      { expected_response:true }...: avg=2.81ms min=0s med=2ms    max=40.74ms p(90)=5.16ms  p(95)=7.18ms 
    http_req_failed................: 0.00%  0 out of 20000
    http_reqs......................: 20000  26201.193726/s

    EXECUTION
    iteration_duration.............: avg=7.06ms min=0s med=5.08ms max=52.61ms p(90)=14.41ms p(95)=21.38ms
    iterations.....................: 10000  13100.596863/s

    NETWORK
    data_received..................: 1.5 MB 1.9 MB/s
    data_sent......................: 3.0 MB 3.9 MB/s




running (00m00.8s), 000/100 VUs, 10000 complete and 0 interrupted iterations
insert_then_update_async ✓ [ 100% ] 100 VUs  00m00.8s/10m0s  10000/10000 iters, 100 per VU
