
         /\      Grafana   /‾‾/  
    /\  /  \     |\  __   /  /   
   /  \/    \    | |/ /  /   ‾‾\ 
  /          \   |   (  |  (‾)  |
 / __________ \  |_|\_\  \_____/ 


     execution: local
        script: load-test/large-db-insert-then-update-async.js
        output: -

     scenarios: (100.00%) 1 scenario, 400 max VUs, 10m30s max duration (incl. graceful stop):
              * insert_then_update_async: 25 iterations for each of 400 VUs (maxDuration: 10m0s, gracefulStop: 30s)



  █ TOTAL RESULTS 

    HTTP
    http_req_duration..............: avg=10.05ms min=0s med=6.51ms  max=177.95ms p(90)=17.61ms p(95)=29.87ms 
      { expected_response:true }...: avg=10.05ms min=0s med=6.51ms  max=177.95ms p(90)=17.61ms p(95)=29.87ms 
    http_req_failed................: 0.00%  0 out of 20000
    http_reqs......................: 20000  22982.023232/s

    EXECUTION
    iteration_duration.............: avg=28.19ms min=0s med=17.72ms max=214.05ms p(90)=63.23ms p(95)=112.12ms
    iterations.....................: 10000  11491.011616/s

    NETWORK
    data_received..................: 1.5 MB 1.7 MB/s
    data_sent......................: 3.0 MB 3.4 MB/s




running (00m00.9s), 000/400 VUs, 10000 complete and 0 interrupted iterations
insert_then_update_async ✓ [ 100% ] 400 VUs  00m00.9s/10m0s  10000/10000 iters, 25 per VU
