
         /\      Grafana   /‾‾/  
    /\  /  \     |\  __   /  /   
   /  \/    \    | |/ /  /   ‾‾\ 
  /          \   |   (  |  (‾)  |
 / __________ \  |_|\_\  \_____/ 


     execution: local
        script: load-test/large-db-insert-then-update-async.js
        output: -

     scenarios: (100.00%) 1 scenario, 50 max VUs, 10m30s max duration (incl. graceful stop):
              * insert_then_update_async: 200 iterations for each of 50 VUs (maxDuration: 10m0s, gracefulStop: 30s)



  █ TOTAL RESULTS 

    HTTP
    http_req_duration..............: avg=1.43ms min=0s med=1ms    max=27.64ms p(90)=2.85ms p(95)=4.02ms 
      { expected_response:true }...: avg=1.43ms min=0s med=1ms    max=27.64ms p(90)=2.85ms p(95)=4.02ms 
    http_req_failed................: 0.00%  0 out of 20000
    http_reqs......................: 20000  26272.667729/s

    EXECUTION
    iteration_duration.............: avg=3.6ms  min=0s med=2.53ms max=37.27ms p(90)=7.18ms p(95)=10.26ms
    iterations.....................: 10000  13136.333865/s

    NETWORK
    data_received..................: 1.5 MB 1.9 MB/s
    data_sent......................: 3.0 MB 3.9 MB/s




running (00m00.8s), 00/50 VUs, 10000 complete and 0 interrupted iterations
insert_then_update_async ✓ [ 100% ] 50 VUs  00m00.8s/10m0s  10000/10000 iters, 200 per VU
