
         /\      Grafana   /‾‾/  
    /\  /  \     |\  __   /  /   
   /  \/    \    | |/ /  /   ‾‾\ 
  /          \   |   (  |  (‾)  |
 / __________ \  |_|\_\  \_____/ 


     execution: local
        script: load-test/large-db-insert-async.js
        output: -

     scenarios: (100.00%) 1 scenario, 50 max VUs, 10m30s max duration (incl. graceful stop):
              * insert_async: 200 iterations for each of 50 VUs (maxDuration: 10m0s, gracefulStop: 30s)



  █ TOTAL RESULTS 

    HTTP
    http_req_duration..............: avg=1.4ms  min=0s med=1ms max=21.59ms p(90)=2.69ms p(95)=4.34ms
      { expected_response:true }...: avg=1.4ms  min=0s med=1ms max=21.59ms p(90)=2.69ms p(95)=4.34ms
    http_req_failed................: 0.00%  0 out of 10000
    http_reqs......................: 10000  25024.135779/s

    EXECUTION
    iteration_duration.............: avg=1.82ms min=0s med=1ms max=26.94ms p(90)=4.01ms p(95)=6.29ms
    iterations.....................: 10000  25024.135779/s

    NETWORK
    data_received..................: 732 kB 1.8 MB/s
    data_sent......................: 1.4 MB 3.6 MB/s




running (00m00.4s), 00/50 VUs, 10000 complete and 0 interrupted iterations
insert_async ✓ [ 100% ] 50 VUs  00m00.4s/10m0s  10000/10000 iters, 200 per VU
