
         /\      Grafana   /‾‾/  
    /\  /  \     |\  __   /  /   
   /  \/    \    | |/ /  /   ‾‾\ 
  /          \   |   (  |  (‾)  |
 / __________ \  |_|\_\  \_____/ 


     execution: local
        script: load-test/large-db-insert-then-update-async.js
        output: -

     scenarios: (100.00%) 1 scenario, 200 max VUs, 10m30s max duration (incl. graceful stop):
              * insert_then_update_async: 50 iterations for each of 200 VUs (maxDuration: 10m0s, gracefulStop: 30s)



  █ TOTAL RESULTS 

    HTTP
    http_req_duration..............: avg=5.16ms  min=0s med=3.99ms max=64.84ms p(90)=8.45ms  p(95)=12.89ms
      { expected_response:true }...: avg=5.16ms  min=0s med=3.99ms max=64.84ms p(90)=8.45ms  p(95)=12.89ms
    http_req_failed................: 0.00%  0 out of 20000
    http_reqs......................: 20000  29152.653351/s

    EXECUTION
    iteration_duration.............: avg=12.46ms min=0s med=9.51ms max=77.58ms p(90)=25.96ms p(95)=38.21ms
    iterations.....................: 10000  14576.326675/s

    NETWORK
    data_received..................: 1.5 MB 2.1 MB/s
    data_sent......................: 3.0 MB 4.3 MB/s




running (00m00.7s), 000/200 VUs, 10000 complete and 0 interrupted iterations
insert_then_update_async ✓ [ 100% ] 200 VUs  00m00.7s/10m0s  10000/10000 iters, 50 per VU
