
         /\      Grafana   /‾‾/  
    /\  /  \     |\  __   /  /   
   /  \/    \    | |/ /  /   ‾‾\ 
  /          \   |   (  |  (‾)  |
 / __________ \  |_|\_\  \_____/ 


     execution: local
        script: load-test/large-db-insert-async.js
        output: -

     scenarios: (100.00%) 1 scenario, 10 max VUs, 10m30s max duration (incl. graceful stop):
              * insert_async: 1000 iterations for each of 10 VUs (maxDuration: 10m0s, gracefulStop: 30s)



  █ TOTAL RESULTS 

    HTTP
    http_req_duration..............: avg=448.33µs min=0s med=518.7µs max=8.97ms  p(90)=999.7µs p(95)=1.06ms
      { expected_response:true }...: avg=448.33µs min=0s med=518.7µs max=8.97ms  p(90)=999.7µs p(95)=1.06ms
    http_req_failed................: 0.00%  0 out of 10000
    http_reqs......................: 10000  17302.394115/s

    EXECUTION
    iteration_duration.............: avg=559.62µs min=0s med=526.1µs max=19.02ms p(90)=1.02ms  p(95)=1.41ms
    iterations.....................: 10000  17302.394115/s

    NETWORK
    data_received..................: 732 kB 1.3 MB/s
    data_sent......................: 1.4 MB 2.5 MB/s




running (00m00.6s), 00/10 VUs, 10000 complete and 0 interrupted iterations
insert_async ✓ [ 100% ] 10 VUs  00m00.6s/10m0s  10000/10000 iters, 1000 per VU
