
         /\      Grafana   /‾‾/  
    /\  /  \     |\  __   /  /   
   /  \/    \    | |/ /  /   ‾‾\ 
  /          \   |   (  |  (‾)  |
 / __________ \  |_|\_\  \_____/ 


     execution: local
        script: load-test/large-db-insert-async.js
        output: -

     scenarios: (100.00%) 1 scenario, 10 max VUs, 10m30s max duration (incl. graceful stop):
              * insert_async: 1000 iterations for each of 10 VUs (maxDuration: 10m0s, gracefulStop: 30s)



  █ TOTAL RESULTS 

    HTTP
    http_req_duration..............: avg=397.96µs min=0s med=514µs   max=8.68ms  p(90)=705.4µs p(95)=1ms   
      { expected_response:true }...: avg=397.96µs min=0s med=514µs   max=8.68ms  p(90)=705.4µs p(95)=1ms   
    http_req_failed................: 0.00%  0 out of 10000
    http_reqs......................: 10000  19669.775934/s

    EXECUTION
    iteration_duration.............: avg=490.91µs min=0s med=522.4µs max=17.04ms p(90)=1ms     p(95)=1.14ms
    iterations.....................: 10000  19669.775934/s

    NETWORK
    data_received..................: 732 kB 1.4 MB/s
    data_sent......................: 1.4 MB 2.8 MB/s




running (00m00.5s), 00/10 VUs, 10000 complete and 0 interrupted iterations
insert_async ✓ [ 100% ] 10 VUs  00m00.5s/10m0s  10000/10000 iters, 1000 per VU
