
         /\      Grafana   /‾‾/  
    /\  /  \     |\  __   /  /   
   /  \/    \    | |/ /  /   ‾‾\ 
  /          \   |   (  |  (‾)  |
 / __________ \  |_|\_\  \_____/ 


     execution: local
        script: load-test/large-db-insert-then-update-async.js
        output: -

     scenarios: (100.00%) 1 scenario, 100 max VUs, 10m30s max duration (incl. graceful stop):
              * insert_then_update_async: 100 iterations for each of 100 VUs (maxDuration: 10m0s, gracefulStop: 30s)



  █ TOTAL RESULTS 

    HTTP
    http_req_duration..............: avg=2.63ms min=0s med=2ms    max=30.47ms p(90)=4.83ms  p(95)=7.26ms 
      { expected_response:true }...: avg=2.63ms min=0s med=2ms    max=30.47ms p(90)=4.83ms  p(95)=7.26ms 
    http_req_failed................: 0.00%  0 out of 20000
    http_reqs......................: 20000  29089.804736/s

    EXECUTION
    iteration_duration.............: avg=6.38ms min=0s med=4.96ms max=49.62ms p(90)=12.97ms p(95)=18.15ms
    iterations.....................: 10000  14544.902368/s

    NETWORK
    data_received..................: 1.5 MB 2.1 MB/s
    data_sent......................: 3.0 MB 4.3 MB/s




running (00m00.7s), 000/100 VUs, 10000 complete and 0 interrupted iterations
insert_then_update_async ✓ [ 100% ] 100 VUs  00m00.7s/10m0s  10000/10000 iters, 100 per VU
