
         /\      Grafana   /‾‾/  
    /\  /  \     |\  __   /  /   
   /  \/    \    | |/ /  /   ‾‾\ 
  /          \   |   (  |  (‾)  |
 / __________ \  |_|\_\  \_____/ 


     execution: local
        script: load-test/large-db-insert-async.js
        output: -

     scenarios: (100.00%) 1 scenario, 300 max VUs, 10m30s max duration (incl. graceful stop):
              * insert_async: 34 iterations for each of 300 VUs (maxDuration: 10m0s, gracefulStop: 30s)



  █ TOTAL RESULTS 

    HTTP
    http_req_duration..............: avg=6.72ms min=0s med=5.01ms max=67.11ms  p(90)=12.54ms p(95)=16.57ms
      { expected_response:true }...: avg=6.72ms min=0s med=5.01ms max=67.11ms  p(90)=12.54ms p(95)=16.57ms
    http_req_failed................: 0.00%  0 out of 10200
    http_reqs......................: 10200  29632.892045/s

    EXECUTION
    iteration_duration.............: avg=8.57ms min=0s med=5.63ms max=107.24ms p(90)=15.54ms p(95)=33ms   
    iterations.....................: 10200  29632.892045/s

    NETWORK
    data_received..................: 745 kB 2.2 MB/s
    data_sent......................: 1.5 MB 4.3 MB/s




running (00m00.3s), 000/300 VUs, 10200 complete and 0 interrupted iterations
insert_async ✓ [ 100% ] 300 VUs  00m00.3s/10m0s  10200/10200 iters, 34 per VU
