
         /\      Grafana   /‾‾/  
    /\  /  \     |\  __   /  /   
   /  \/    \    | |/ /  /   ‾‾\ 
  /          \   |   (  |  (‾)  |
 / __________ \  |_|\_\  \_____/ 


     execution: local
        script: load-test/large-db-insert-then-update-async.js
        output: -

     scenarios: (100.00%) 1 scenario, 10 max VUs, 10m30s max duration (incl. graceful stop):
              * insert_then_update_async: 1000 iterations for each of 10 VUs (maxDuration: 10m0s, gracefulStop: 30s)



  █ TOTAL RESULTS 

    HTTP
    http_req_duration..............: avg=354.83µs min=0s med=511.6µs max=6.71ms  p(90)=661.1µs p(95)=983.2µs
      { expected_response:true }...: avg=354.83µs min=0s med=511.6µs max=6.71ms  p(90)=661.1µs p(95)=983.2µs
    http_req_failed................: 0.00%  0 out of 20000
    http_reqs......................: 20000  22349.15799/s

    EXECUTION
    iteration_duration.............: avg=875.96µs min=0s med=676.3µs max=12.01ms p(90)=1.32ms  p(95)=1.56ms 
    iterations.....................: 10000  11174.578995/s

    NETWORK
    data_received..................: 1.5 MB 1.6 MB/s
    data_sent......................: 3.0 MB 3.3 MB/s




running (00m00.9s), 00/10 VUs, 10000 complete and 0 interrupted iterations
insert_then_update_async ✓ [ 100% ] 10 VUs  00m00.9s/10m0s  10000/10000 iters, 1000 per VU
