
         /\      Grafana   /‾‾/  
    /\  /  \     |\  __   /  /   
   /  \/    \    | |/ /  /   ‾‾\ 
  /          \   |   (  |  (‾)  |
 / __________ \  |_|\_\  \_____/ 


     execution: local
        script: load-test/large-db-insert-then-update.js
        output: -

     scenarios: (100.00%) 1 scenario, 10 max VUs, 10m30s max duration (incl. graceful stop):
              * insert_then_update: 1000 iterations for each of 10 VUs (maxDuration: 10m0s, gracefulStop: 30s)


running (00m01.0s), 10/10 VUs, 612 complete and 0 interrupted iterations
insert_then_update   [   6% ] 10 VUs  00m01.0s/10m0s  00612/10000 iters, 1000 per VU

running (00m02.0s), 10/10 VUs, 1263 complete and 0 interrupted iterations
insert_then_update   [  13% ] 10 VUs  00m02.0s/10m0s  01263/10000 iters, 1000 per VU

running (00m03.0s), 10/10 VUs, 1894 complete and 0 interrupted iterations
insert_then_update   [  19% ] 10 VUs  00m03.0s/10m0s  01894/10000 iters, 1000 per VU

running (00m04.0s), 10/10 VUs, 2527 complete and 0 interrupted iterations
insert_then_update   [  25% ] 10 VUs  00m04.0s/10m0s  02527/10000 iters, 1000 per VU

running (00m05.0s), 10/10 VUs, 3164 complete and 0 interrupted iterations
insert_then_update   [  32% ] 10 VUs  00m05.0s/10m0s  03164/10000 iters, 1000 per VU

running (00m06.0s), 10/10 VUs, 3795 complete and 0 interrupted iterations
insert_then_update   [  38% ] 10 VUs  00m06.0s/10m0s  03795/10000 iters, 1000 per VU

running (00m07.0s), 10/10 VUs, 4426 complete and 0 interrupted iterations
insert_then_update   [  44% ] 10 VUs  00m07.0s/10m0s  04426/10000 iters, 1000 per VU

running (00m08.0s), 10/10 VUs, 5037 complete and 0 interrupted iterations
insert_then_update   [  50% ] 10 VUs  00m08.0s/10m0s  05037/10000 iters, 1000 per VU

running (00m09.0s), 10/10 VUs, 5690 complete and 0 interrupted iterations
insert_then_update   [  57% ] 10 VUs  00m09.0s/10m0s  05690/10000 iters, 1000 per VU

running (00m10.0s), 10/10 VUs, 6311 complete and 0 interrupted iterations
insert_then_update   [  63% ] 10 VUs  00m10.0s/10m0s  06311/10000 iters, 1000 per VU

running (00m11.0s), 10/10 VUs, 6967 complete and 0 interrupted iterations
insert_then_update   [  70% ] 10 VUs  00m11.0s/10m0s  06967/10000 iters, 1000 per VU

running (00m12.0s), 10/10 VUs, 7582 complete and 0 interrupted iterations
insert_then_update   [  76% ] 10 VUs  00m12.0s/10m0s  07582/10000 iters, 1000 per VU

running (00m13.0s), 10/10 VUs, 8221 complete and 0 interrupted iterations
insert_then_update   [  82% ] 10 VUs  00m13.0s/10m0s  08221/10000 iters, 1000 per VU

running (00m14.0s), 10/10 VUs, 8783 complete and 0 interrupted iterations
insert_then_update   [  88% ] 10 VUs  00m14.0s/10m0s  08783/10000 iters, 1000 per VU

running (00m15.0s), 10/10 VUs, 9378 complete and 0 interrupted iterations
insert_then_update   [  94% ] 10 VUs  00m15.0s/10m0s  09378/10000 iters, 1000 per VU

running (00m16.0s), 01/10 VUs, 9999 complete and 0 interrupted iterations
insert_then_update   [ 100% ] 10 VUs  00m16.0s/10m0s  09999/10000 iters, 1000 per VU


  █ TOTAL RESULTS 

    HTTP
    http_req_duration..............: avg=7.88ms  min=4.13ms med=7.81ms  max=22.29ms p(90)=9.81ms  p(95)=10.55ms
      { expected_response:true }...: avg=7.88ms  min=4.13ms med=7.81ms  max=22.29ms p(90)=9.81ms  p(95)=10.55ms
    http_req_failed................: 0.00%  0 out of 20000
    http_reqs......................: 20000  1249.69231/s

    EXECUTION
    iteration_duration.............: avg=15.93ms min=9.55ms med=15.83ms max=33.45ms p(90)=19.28ms p(95)=20.49ms
    iterations.....................: 10000  624.846155/s
    vus............................: 1      min=1          max=10
    vus_max........................: 10     min=10         max=10

    NETWORK
    data_received..................: 1.3 MB 80 kB/s
    data_sent......................: 2.8 MB 177 kB/s




running (00m16.0s), 00/10 VUs, 10000 complete and 0 interrupted iterations
insert_then_update ✓ [ 100% ] 10 VUs  00m16.0s/10m0s  10000/10000 iters, 1000 per VU
