
         /\      Grafana   /‾‾/  
    /\  /  \     |\  __   /  /   
   /  \/    \    | |/ /  /   ‾‾\ 
  /          \   |   (  |  (‾)  |
 / __________ \  |_|\_\  \_____/ 


     execution: local
        script: load-test/large-db-insert-then-update-async.js
        output: -

     scenarios: (100.00%) 1 scenario, 10 max VUs, 10m30s max duration (incl. graceful stop):
              * insert_then_update_async: 1000 iterations for each of 10 VUs (maxDuration: 10m0s, gracefulStop: 30s)


running (00m01.0s), 10/10 VUs, 9758 complete and 0 interrupted iterations
insert_then_update_async   [  98% ] 10 VUs  00m01.0s/10m0s  09758/10000 iters, 1000 per VU


  █ TOTAL RESULTS 

    HTTP
    http_req_duration..............: avg=408.92µs min=0s med=519.2µs max=12.98ms p(90)=722.3µs p(95)=1ms   
      { expected_response:true }...: avg=408.92µs min=0s med=519.2µs max=12.98ms p(90)=722.3µs p(95)=1ms   
    http_req_failed................: 0.00%  0 out of 20000
    http_reqs......................: 20000  19478.551388/s

    EXECUTION
    iteration_duration.............: avg=1ms      min=0s med=1.03ms  max=13.49ms p(90)=1.51ms  p(95)=1.82ms
    iterations.....................: 10000  9739.275694/s
    vus............................: 10     min=10         max=10
    vus_max........................: 10     min=10         max=10

    NETWORK
    data_received..................: 1.5 MB 1.4 MB/s
    data_sent......................: 3.0 MB 2.9 MB/s




running (00m01.0s), 00/10 VUs, 10000 complete and 0 interrupted iterations
insert_then_update_async ✓ [ 100% ] 10 VUs  00m01.0s/10m0s  10000/10000 iters, 1000 per VU
