
         /\      Grafana   /‾‾/  
    /\  /  \     |\  __   /  /   
   /  \/    \    | |/ /  /   ‾‾\ 
  /          \   |   (  |  (‾)  |
 / __________ \  |_|\_\  \_____/ 


     execution: local
        script: load-test/large-db-insert-then-update-async.js
        output: -

     scenarios: (100.00%) 1 scenario, 50 max VUs, 10m30s max duration (incl. graceful stop):
              * insert_then_update_async: 200 iterations for each of 50 VUs (maxDuration: 10m0s, gracefulStop: 30s)



  █ TOTAL RESULTS 

    HTTP
    http_req_duration..............: avg=1.47ms min=0s med=1ms   max=22.53ms p(90)=3.07ms p(95)=4.36ms 
      { expected_response:true }...: avg=1.47ms min=0s med=1ms   max=22.53ms p(90)=3.07ms p(95)=4.36ms 
    http_req_failed................: 0.00%  0 out of 20000
    http_reqs......................: 20000  25914.738437/s

    EXECUTION
    iteration_duration.............: avg=3.68ms min=0s med=2.7ms max=31.43ms p(90)=7.42ms p(95)=10.21ms
    iterations.....................: 10000  12957.369219/s

    NETWORK
    data_received..................: 1.5 MB 1.9 MB/s
    data_sent......................: 3.0 MB 3.8 MB/s




running (00m00.8s), 00/50 VUs, 10000 complete and 0 interrupted iterations
insert_then_update_async ✓ [ 100% ] 50 VUs  00m00.8s/10m0s  10000/10000 iters, 200 per VU
