
         /\      Grafana   /‾‾/  
    /\  /  \     |\  __   /  /   
   /  \/    \    | |/ /  /   ‾‾\ 
  /          \   |   (  |  (‾)  |
 / __________ \  |_|\_\  \_____/ 


     execution: local
        script: load-test/large-db-insert-then-update.js
        output: -

     scenarios: (100.00%) 1 scenario, 10 max VUs, 10m30s max duration (incl. graceful stop):
              * insert_then_update: 1000 iterations for each of 10 VUs (maxDuration: 10m0s, gracefulStop: 30s)


running (00m01.0s), 10/10 VUs, 203 complete and 0 interrupted iterations
insert_then_update   [   2% ] 10 VUs  00m01.0s/10m0s  00203/10000 iters, 1000 per VU

running (00m02.0s), 10/10 VUs, 438 complete and 0 interrupted iterations
insert_then_update   [   4% ] 10 VUs  00m02.0s/10m0s  00438/10000 iters, 1000 per VU

running (00m03.0s), 10/10 VUs, 687 complete and 0 interrupted iterations
insert_then_update   [   7% ] 10 VUs  00m03.0s/10m0s  00687/10000 iters, 1000 per VU

running (00m04.0s), 10/10 VUs, 952 complete and 0 interrupted iterations
insert_then_update   [  10% ] 10 VUs  00m04.0s/10m0s  00952/10000 iters, 1000 per VU

running (00m05.0s), 10/10 VUs, 1177 complete and 0 interrupted iterations
insert_then_update   [  12% ] 10 VUs  00m05.0s/10m0s  01177/10000 iters, 1000 per VU

running (00m06.0s), 10/10 VUs, 1428 complete and 0 interrupted iterations
insert_then_update   [  14% ] 10 VUs  00m06.0s/10m0s  01428/10000 iters, 1000 per VU

running (00m07.0s), 10/10 VUs, 1672 complete and 0 interrupted iterations
insert_then_update   [  17% ] 10 VUs  00m07.0s/10m0s  01672/10000 iters, 1000 per VU

running (00m08.0s), 10/10 VUs, 1924 complete and 0 interrupted iterations
insert_then_update   [  19% ] 10 VUs  00m08.0s/10m0s  01924/10000 iters, 1000 per VU

running (00m09.0s), 10/10 VUs, 2181 complete and 0 interrupted iterations
insert_then_update   [  22% ] 10 VUs  00m09.0s/10m0s  02181/10000 iters, 1000 per VU

running (00m10.0s), 10/10 VUs, 2432 complete and 0 interrupted iterations
insert_then_update   [  24% ] 10 VUs  00m10.0s/10m0s  02432/10000 iters, 1000 per VU

running (00m11.0s), 10/10 VUs, 2679 complete and 0 interrupted iterations
insert_then_update   [  27% ] 10 VUs  00m11.0s/10m0s  02679/10000 iters, 1000 per VU

running (00m12.0s), 10/10 VUs, 2917 complete and 0 interrupted iterations
insert_then_update   [  29% ] 10 VUs  00m12.0s/10m0s  02917/10000 iters, 1000 per VU

running (00m13.0s), 10/10 VUs, 3145 complete and 0 interrupted iterations
insert_then_update   [  31% ] 10 VUs  00m13.0s/10m0s  03145/10000 iters, 1000 per VU

running (00m14.0s), 10/10 VUs, 3390 complete and 0 interrupted iterations
insert_then_update   [  34% ] 10 VUs  00m14.0s/10m0s  03390/10000 iters, 1000 per VU

running (00m15.0s), 10/10 VUs, 3661 complete and 0 interrupted iterations
insert_then_update   [  37% ] 10 VUs  00m15.0s/10m0s  03661/10000 iters, 1000 per VU

running (00m16.0s), 10/10 VUs, 3901 complete and 0 interrupted iterations
insert_then_update   [  39% ] 10 VUs  00m16.0s/10m0s  03901/10000 iters, 1000 per VU

running (00m17.0s), 10/10 VUs, 4133 complete and 0 interrupted iterations
insert_then_update   [  41% ] 10 VUs  00m17.0s/10m0s  04133/10000 iters, 1000 per VU

running (00m18.0s), 10/10 VUs, 4352 complete and 0 interrupted iterations
insert_then_update   [  44% ] 10 VUs  00m18.0s/10m0s  04352/10000 iters, 1000 per VU

running (00m19.0s), 10/10 VUs, 4589 complete and 0 interrupted iterations
insert_then_update   [  46% ] 10 VUs  00m19.0s/10m0s  04589/10000 iters, 1000 per VU

running (00m20.0s), 10/10 VUs, 4845 complete and 0 interrupted iterations
insert_then_update   [  48% ] 10 VUs  00m20.0s/10m0s  04845/10000 iters, 1000 per VU

running (00m21.0s), 10/10 VUs, 5103 complete and 0 interrupted iterations
insert_then_update   [  51% ] 10 VUs  00m21.0s/10m0s  05103/10000 iters, 1000 per VU

running (00m22.0s), 10/10 VUs, 5359 complete and 0 interrupted iterations
insert_then_update   [  54% ] 10 VUs  00m22.0s/10m0s  05359/10000 iters, 1000 per VU

running (00m23.0s), 10/10 VUs, 5598 complete and 0 interrupted iterations
insert_then_update   [  56% ] 10 VUs  00m23.0s/10m0s  05598/10000 iters, 1000 per VU

running (00m24.0s), 10/10 VUs, 5868 complete and 0 interrupted iterations
insert_then_update   [  59% ] 10 VUs  00m24.0s/10m0s  05868/10000 iters, 1000 per VU

running (00m25.0s), 10/10 VUs, 6128 complete and 0 interrupted iterations
insert_then_update   [  61% ] 10 VUs  00m25.0s/10m0s  06128/10000 iters, 1000 per VU

running (00m26.0s), 10/10 VUs, 6374 complete and 0 interrupted iterations
insert_then_update   [  64% ] 10 VUs  00m26.0s/10m0s  06374/10000 iters, 1000 per VU

running (00m27.0s), 10/10 VUs, 6605 complete and 0 interrupted iterations
insert_then_update   [  66% ] 10 VUs  00m27.0s/10m0s  06605/10000 iters, 1000 per VU

running (00m28.0s), 10/10 VUs, 6841 complete and 0 interrupted iterations
insert_then_update   [  68% ] 10 VUs  00m28.0s/10m0s  06841/10000 iters, 1000 per VU

running (00m29.0s), 10/10 VUs, 7089 complete and 0 interrupted iterations
insert_then_update   [  71% ] 10 VUs  00m29.0s/10m0s  07089/10000 iters, 1000 per VU

running (00m30.0s), 10/10 VUs, 7334 complete and 0 interrupted iterations
insert_then_update   [  73% ] 10 VUs  00m30.0s/10m0s  07334/10000 iters, 1000 per VU

running (00m31.0s), 10/10 VUs, 7583 complete and 0 interrupted iterations
insert_then_update   [  76% ] 10 VUs  00m31.0s/10m0s  07583/10000 iters, 1000 per VU

running (00m32.0s), 10/10 VUs, 7842 complete and 0 interrupted iterations
insert_then_update   [  78% ] 10 VUs  00m32.0s/10m0s  07842/10000 iters, 1000 per VU

running (00m33.0s), 10/10 VUs, 8077 complete and 0 interrupted iterations
insert_then_update   [  81% ] 10 VUs  00m33.0s/10m0s  08077/10000 iters, 1000 per VU

running (00m34.0s), 10/10 VUs, 8310 complete and 0 interrupted iterations
insert_then_update   [  83% ] 10 VUs  00m34.0s/10m0s  08310/10000 iters, 1000 per VU

running (00m35.0s), 10/10 VUs, 8534 complete and 0 interrupted iterations
insert_then_update   [  85% ] 10 VUs  00m35.0s/10m0s  08534/10000 iters, 1000 per VU

running (00m36.0s), 10/10 VUs, 8770 complete and 0 interrupted iterations
insert_then_update   [  88% ] 10 VUs  00m36.0s/10m0s  08770/10000 iters, 1000 per VU

running (00m37.0s), 10/10 VUs, 9019 complete and 0 interrupted iterations
insert_then_update   [  90% ] 10 VUs  00m37.0s/10m0s  09019/10000 iters, 1000 per VU

running (00m38.0s), 10/10 VUs, 9277 complete and 0 interrupted iterations
insert_then_update   [  93% ] 10 VUs  00m38.0s/10m0s  09277/10000 iters, 1000 per VU

running (00m39.0s), 10/10 VUs, 9534 complete and 0 interrupted iterations
insert_then_update   [  95% ] 10 VUs  00m39.0s/10m0s  09534/10000 iters, 1000 per VU

running (00m40.0s), 10/10 VUs, 9794 complete and 0 interrupted iterations
insert_then_update   [  98% ] 10 VUs  00m40.0s/10m0s  09794/10000 iters, 1000 per VU


  █ TOTAL RESULTS 

    HTTP
    http_req_duration..............: avg=20.29ms min=8.85ms  med=18.47ms max=68.52ms  p(90)=27.46ms p(95)=30.06ms
      { expected_response:true }...: avg=20.29ms min=8.85ms  med=18.47ms max=68.52ms  p(90)=27.46ms p(95)=30.06ms
    http_req_failed................: 0.00%  0 out of 20000
    http_reqs......................: 20000  488.705856/s

    EXECUTION
    iteration_duration.............: avg=40.76ms min=22.28ms med=37.23ms max=113.84ms p(90)=54.94ms p(95)=59.62ms
    iterations.....................: 10000  244.352928/s
    vus............................: 10     min=10         max=10
    vus_max........................: 10     min=10         max=10

    NETWORK
    data_received..................: 1.3 MB 31 kB/s
    data_sent......................: 2.8 MB 69 kB/s




running (00m40.9s), 00/10 VUs, 10000 complete and 0 interrupted iterations
insert_then_update ✓ [ 100% ] 10 VUs  00m40.9s/10m0s  10000/10000 iters, 1000 per VU
