
         /\      Grafana   /‾‾/  
    /\  /  \     |\  __   /  /   
   /  \/    \    | |/ /  /   ‾‾\ 
  /          \   |   (  |  (‾)  |
 / __________ \  |_|\_\  \_____/ 


     execution: local
        script: load-test/large-db-insert-then-update.js
        output: -

     scenarios: (100.00%) 1 scenario, 200 max VUs, 10m30s max duration (incl. graceful stop):
              * insert_then_update: 50 iterations for each of 200 VUs (maxDuration: 10m0s, gracefulStop: 30s)


running (00m01.0s), 200/200 VUs, 626 complete and 0 interrupted iterations
insert_then_update   [   6% ] 200 VUs  00m01.0s/10m0s  00626/10000 iters, 50 per VU

running (00m02.0s), 200/200 VUs, 1456 complete and 0 interrupted iterations
insert_then_update   [  15% ] 200 VUs  00m02.0s/10m0s  01456/10000 iters, 50 per VU

running (00m03.0s), 200/200 VUs, 2267 complete and 0 interrupted iterations
insert_then_update   [  23% ] 200 VUs  00m03.0s/10m0s  02267/10000 iters, 50 per VU

running (00m04.0s), 200/200 VUs, 3095 complete and 0 interrupted iterations
insert_then_update   [  31% ] 200 VUs  00m04.0s/10m0s  03095/10000 iters, 50 per VU

running (00m05.0s), 200/200 VUs, 3948 complete and 0 interrupted iterations
insert_then_update   [  39% ] 200 VUs  00m05.0s/10m0s  03948/10000 iters, 50 per VU

running (00m06.0s), 200/200 VUs, 4820 complete and 0 interrupted iterations
insert_then_update   [  48% ] 200 VUs  00m06.0s/10m0s  04820/10000 iters, 50 per VU

running (00m07.0s), 200/200 VUs, 5679 complete and 0 interrupted iterations
insert_then_update   [  57% ] 200 VUs  00m07.0s/10m0s  05679/10000 iters, 50 per VU

running (00m08.0s), 200/200 VUs, 6571 complete and 0 interrupted iterations
insert_then_update   [  66% ] 200 VUs  00m08.0s/10m0s  06572/10000 iters, 50 per VU

running (00m09.0s), 200/200 VUs, 7448 complete and 0 interrupted iterations
insert_then_update   [  74% ] 200 VUs  00m09.0s/10m0s  07448/10000 iters, 50 per VU

running (00m10.0s), 200/200 VUs, 8294 complete and 0 interrupted iterations
insert_then_update   [  83% ] 200 VUs  00m10.0s/10m0s  08294/10000 iters, 50 per VU

running (00m11.0s), 196/200 VUs, 9119 complete and 0 interrupted iterations
insert_then_update   [  91% ] 200 VUs  00m11.0s/10m0s  09120/10000 iters, 50 per VU

running (00m12.0s), 021/200 VUs, 9972 complete and 0 interrupted iterations
insert_then_update   [ 100% ] 200 VUs  00m12.0s/10m0s  09972/10000 iters, 50 per VU


  █ TOTAL RESULTS 

    HTTP
    http_req_duration..............: avg=116.86ms min=12.6ms  med=113.42ms max=486.53ms p(90)=181.06ms p(95)=204.44ms
      { expected_response:true }...: avg=116.86ms min=12.6ms  med=113.42ms max=486.53ms p(90)=181.06ms p(95)=204.44ms
    http_req_failed................: 0.00%  0 out of 20000
    http_reqs......................: 20000  1659.325148/s

    EXECUTION
    iteration_duration.............: avg=234.41ms min=28.59ms med=229.37ms max=656.9ms  p(90)=325.48ms p(95)=361.53ms
    iterations.....................: 10000  829.662574/s
    vus............................: 21     min=21         max=200
    vus_max........................: 200    min=200        max=200

    NETWORK
    data_received..................: 1.3 MB 106 kB/s
    data_sent......................: 2.8 MB 235 kB/s




running (00m12.1s), 000/200 VUs, 10000 complete and 0 interrupted iterations
insert_then_update ✓ [ 100% ] 200 VUs  00m12.1s/10m0s  10000/10000 iters, 50 per VU
