
         /\      Grafana   /‾‾/  
    /\  /  \     |\  __   /  /   
   /  \/    \    | |/ /  /   ‾‾\ 
  /          \   |   (  |  (‾)  |
 / __________ \  |_|\_\  \_____/ 


     execution: local
        script: load-test/large-db-insert-then-update.js
        output: -

     scenarios: (100.00%) 1 scenario, 100 max VUs, 10m30s max duration (incl. graceful stop):
              * insert_then_update: 100 iterations for each of 100 VUs (maxDuration: 10m0s, gracefulStop: 30s)


running (00m01.0s), 100/100 VUs, 726 complete and 0 interrupted iterations
insert_then_update   [   7% ] 100 VUs  00m01.0s/10m0s  00726/10000 iters, 100 per VU

running (00m02.0s), 100/100 VUs, 1619 complete and 0 interrupted iterations
insert_then_update   [  16% ] 100 VUs  00m02.0s/10m0s  01619/10000 iters, 100 per VU

running (00m03.0s), 100/100 VUs, 2461 complete and 0 interrupted iterations
insert_then_update   [  25% ] 100 VUs  00m03.0s/10m0s  02461/10000 iters, 100 per VU

running (00m04.0s), 100/100 VUs, 3348 complete and 0 interrupted iterations
insert_then_update   [  33% ] 100 VUs  00m04.0s/10m0s  03348/10000 iters, 100 per VU

running (00m05.0s), 100/100 VUs, 4107 complete and 0 interrupted iterations
insert_then_update   [  41% ] 100 VUs  00m05.0s/10m0s  04107/10000 iters, 100 per VU

running (00m06.0s), 100/100 VUs, 4946 complete and 0 interrupted iterations
insert_then_update   [  49% ] 100 VUs  00m06.0s/10m0s  04946/10000 iters, 100 per VU

running (00m07.0s), 100/100 VUs, 5834 complete and 0 interrupted iterations
insert_then_update   [  58% ] 100 VUs  00m07.0s/10m0s  05834/10000 iters, 100 per VU

running (00m08.0s), 100/100 VUs, 6521 complete and 0 interrupted iterations
insert_then_update   [  65% ] 100 VUs  00m08.0s/10m0s  06521/10000 iters, 100 per VU

running (00m09.0s), 100/100 VUs, 7360 complete and 0 interrupted iterations
insert_then_update   [  74% ] 100 VUs  00m09.0s/10m0s  07360/10000 iters, 100 per VU

running (00m10.0s), 100/100 VUs, 8211 complete and 0 interrupted iterations
insert_then_update   [  82% ] 100 VUs  00m10.0s/10m0s  08219/10000 iters, 100 per VU

running (00m11.0s), 100/100 VUs, 9126 complete and 0 interrupted iterations
insert_then_update   [  91% ] 100 VUs  00m11.0s/10m0s  09126/10000 iters, 100 per VU

running (00m12.0s), 085/100 VUs, 9765 complete and 0 interrupted iterations
insert_then_update   [  98% ] 100 VUs  00m12.0s/10m0s  09765/10000 iters, 100 per VU


  █ TOTAL RESULTS 

    HTTP
    http_req_duration..............: avg=60.56ms  min=11.42ms med=56.35ms  max=324.22ms p(90)=85.47ms  p(95)=101.57ms
      { expected_response:true }...: avg=60.56ms  min=11.42ms med=56.35ms  max=324.22ms p(90)=85.47ms  p(95)=101.57ms
    http_req_failed................: 0.00%  0 out of 20000
    http_reqs......................: 20000  1610.125461/s

    EXECUTION
    iteration_duration.............: avg=121.64ms min=26.91ms med=113.65ms max=389ms    p(90)=161.77ms p(95)=184.98ms
    iterations.....................: 10000  805.06273/s
    vus............................: 85     min=85         max=100
    vus_max........................: 100    min=100        max=100

    NETWORK
    data_received..................: 1.3 MB 103 kB/s
    data_sent......................: 2.8 MB 229 kB/s




running (00m12.4s), 000/100 VUs, 10000 complete and 0 interrupted iterations
insert_then_update ✓ [ 100% ] 100 VUs  00m12.4s/10m0s  10000/10000 iters, 100 per VU
