
         /\      Grafana   /‾‾/  
    /\  /  \     |\  __   /  /   
   /  \/    \    | |/ /  /   ‾‾\ 
  /          \   |   (  |  (‾)  |
 / __________ \  |_|\_\  \_____/ 


     execution: local
        script: load-test/large-db-insert-async.js
        output: -

     scenarios: (100.00%) 1 scenario, 200 max VUs, 10m30s max duration (incl. graceful stop):
              * insert_async: 50 iterations for each of 200 VUs (maxDuration: 10m0s, gracefulStop: 30s)



  █ TOTAL RESULTS 

    HTTP
    http_req_duration..............: avg=5.66ms min=0s med=4.01ms max=113.64ms p(90)=9.91ms  p(95)=16.01ms
      { expected_response:true }...: avg=5.66ms min=0s med=4.01ms max=113.64ms p(90)=9.91ms  p(95)=16.01ms
    http_req_failed................: 0.00%  0 out of 10000
    http_reqs......................: 10000  25054.763449/s

    EXECUTION
    iteration_duration.............: avg=7.1ms  min=0s med=4.37ms max=114.64ms p(90)=16.14ms p(95)=26.43ms
    iterations.....................: 10000  25054.763449/s

    NETWORK
    data_received..................: 730 kB 1.8 MB/s
    data_sent......................: 1.4 MB 3.6 MB/s




running (00m00.4s), 000/200 VUs, 10000 complete and 0 interrupted iterations
insert_async ✓ [ 100% ] 200 VUs  00m00.4s/10m0s  10000/10000 iters, 50 per VU
