
         /\      Grafana   /‾‾/  
    /\  /  \     |\  __   /  /   
   /  \/    \    | |/ /  /   ‾‾\ 
  /          \   |   (  |  (‾)  |
 / __________ \  |_|\_\  \_____/ 


     execution: local
        script: load-test/large-db-insert-then-update.js
        output: -

     scenarios: (100.00%) 1 scenario, 10 max VUs, 10m30s max duration (incl. graceful stop):
              * insert_then_update: 1000 iterations for each of 10 VUs (maxDuration: 10m0s, gracefulStop: 30s)


running (00m01.0s), 10/10 VUs, 524 complete and 0 interrupted iterations
insert_then_update   [   5% ] 10 VUs  00m01.0s/10m0s  00524/10000 iters, 1000 per VU

running (00m02.0s), 10/10 VUs, 1114 complete and 0 interrupted iterations
insert_then_update   [  11% ] 10 VUs  00m02.0s/10m0s  01114/10000 iters, 1000 per VU

running (00m03.0s), 10/10 VUs, 1692 complete and 0 interrupted iterations
insert_then_update   [  17% ] 10 VUs  00m03.0s/10m0s  01692/10000 iters, 1000 per VU

running (00m04.0s), 10/10 VUs, 2274 complete and 0 interrupted iterations
insert_then_update   [  23% ] 10 VUs  00m04.0s/10m0s  02274/10000 iters, 1000 per VU

running (00m05.0s), 10/10 VUs, 2861 complete and 0 interrupted iterations
insert_then_update   [  29% ] 10 VUs  00m05.0s/10m0s  02861/10000 iters, 1000 per VU

running (00m06.0s), 10/10 VUs, 3433 complete and 0 interrupted iterations
insert_then_update   [  34% ] 10 VUs  00m06.0s/10m0s  03433/10000 iters, 1000 per VU

running (00m07.0s), 10/10 VUs, 3977 complete and 0 interrupted iterations
insert_then_update   [  40% ] 10 VUs  00m07.0s/10m0s  03977/10000 iters, 1000 per VU

running (00m08.0s), 10/10 VUs, 4513 complete and 0 interrupted iterations
insert_then_update   [  45% ] 10 VUs  00m08.0s/10m0s  04513/10000 iters, 1000 per VU

running (00m09.0s), 10/10 VUs, 5083 complete and 0 interrupted iterations
insert_then_update   [  51% ] 10 VUs  00m09.0s/10m0s  05083/10000 iters, 1000 per VU

running (00m10.0s), 10/10 VUs, 5668 complete and 0 interrupted iterations
insert_then_update   [  57% ] 10 VUs  00m10.0s/10m0s  05668/10000 iters, 1000 per VU

running (00m11.0s), 10/10 VUs, 6264 complete and 0 interrupted iterations
insert_then_update   [  63% ] 10 VUs  00m11.0s/10m0s  06264/10000 iters, 1000 per VU

running (00m12.0s), 10/10 VUs, 6852 complete and 0 interrupted iterations
insert_then_update   [  69% ] 10 VUs  00m12.0s/10m0s  06852/10000 iters, 1000 per VU

running (00m13.0s), 10/10 VUs, 7432 complete and 0 interrupted iterations
insert_then_update   [  74% ] 10 VUs  00m13.0s/10m0s  07432/10000 iters, 1000 per VU

running (00m14.0s), 10/10 VUs, 8049 complete and 0 interrupted iterations
insert_then_update   [  80% ] 10 VUs  00m14.0s/10m0s  08049/10000 iters, 1000 per VU

running (00m15.0s), 10/10 VUs, 8610 complete and 0 interrupted iterations
insert_then_update   [  86% ] 10 VUs  00m15.0s/10m0s  08610/10000 iters, 1000 per VU

running (00m16.0s), 10/10 VUs, 9218 complete and 0 interrupted iterations
insert_then_update   [  92% ] 10 VUs  00m16.0s/10m0s  09219/10000 iters, 1000 per VU

running (00m17.0s), 10/10 VUs, 9784 complete and 0 interrupted iterations
insert_then_update   [  98% ] 10 VUs  00m17.0s/10m0s  09784/10000 iters, 1000 per VU


  █ TOTAL RESULTS 

    HTTP
    http_req_duration..............: avg=8.58ms  min=3.99ms med=8.41ms  max=34.98ms p(90)=10.75ms p(95)=11.63ms
      { expected_response:true }...: avg=8.58ms  min=3.99ms med=8.41ms  max=34.98ms p(90)=10.75ms p(95)=11.63ms
    http_req_failed................: 0.00%  0 out of 20000
    http_reqs......................: 20000  1144.802083/s

    EXECUTION
    iteration_duration.............: avg=17.35ms min=9.72ms med=17.25ms max=47.13ms p(90)=20.81ms p(95)=22.23ms
    iterations.....................: 10000  572.401042/s
    vus............................: 10     min=10         max=10
    vus_max........................: 10     min=10         max=10

    NETWORK
    data_received..................: 1.3 MB 73 kB/s
    data_sent......................: 2.8 MB 162 kB/s




running (00m17.5s), 00/10 VUs, 10000 complete and 0 interrupted iterations
insert_then_update ✓ [ 100% ] 10 VUs  00m17.5s/10m0s  10000/10000 iters, 1000 per VU
