
         /\      Grafana   /‾‾/  
    /\  /  \     |\  __   /  /   
   /  \/    \    | |/ /  /   ‾‾\ 
  /          \   |   (  |  (‾)  |
 / __________ \  |_|\_\  \_____/ 


     execution: local
        script: load-test/large-db-insert-then-update.js
        output: -

     scenarios: (100.00%) 1 scenario, 300 max VUs, 10m30s max duration (incl. graceful stop):
              * insert_then_update: 34 iterations for each of 300 VUs (maxDuration: 10m0s, gracefulStop: 30s)

time="2026-08-19T11:39:03+09:00" level=warning msg="Request Failed" error="Post \"http://localhost:8080/benchmark/coupon-issues?couponId=4&memberId=276\": dial tcp 127.0.0.1:8080: connectex: No connection could be made because the target machine actively refused it."
time="2026-08-19T11:39:03+09:00" level=warning msg="Request Failed" error="Post \"http://localhost:8080/benchmark/coupon-issues?couponId=4&memberId=110\": dial tcp 127.0.0.1:8080: connectex: No connection could be made because the target machine actively refused it."
time="2026-08-19T11:39:03+09:00" level=warning msg="Request Failed" error="Post \"http://localhost:8080/benchmark/coupon-issues?couponId=4&memberId=116\": dial tcp 127.0.0.1:8080: connectex: No connection could be made because the target machine actively refused it."

running (00m01.0s), 300/300 VUs, 1043 complete and 0 interrupted iterations
insert_then_update   [  10% ] 300 VUs  00m01.0s/10m0s  01043/10200 iters, 34 per VU

running (00m02.0s), 300/300 VUs, 2315 complete and 0 interrupted iterations
insert_then_update   [  23% ] 300 VUs  00m02.0s/10m0s  02315/10200 iters, 34 per VU

running (00m03.0s), 300/300 VUs, 3902 complete and 0 interrupted iterations
insert_then_update   [  38% ] 300 VUs  00m03.0s/10m0s  03902/10200 iters, 34 per VU

running (00m04.0s), 300/300 VUs, 5319 complete and 0 interrupted iterations
insert_then_update   [  52% ] 300 VUs  00m04.0s/10m0s  05319/10200 iters, 34 per VU

running (00m05.0s), 300/300 VUs, 6749 complete and 0 interrupted iterations
insert_then_update   [  66% ] 300 VUs  00m05.0s/10m0s  06749/10200 iters, 34 per VU

running (00m06.0s), 300/300 VUs, 8109 complete and 0 interrupted iterations
insert_then_update   [  80% ] 300 VUs  00m06.0s/10m0s  08109/10200 iters, 34 per VU

running (00m07.0s), 259/300 VUs, 9402 complete and 0 interrupted iterations
insert_then_update   [  92% ] 300 VUs  00m07.0s/10m0s  09402/10200 iters, 34 per VU


  █ TOTAL RESULTS 

    HTTP
    http_req_duration..............: avg=105.9ms  min=0s     med=97.66ms  max=764.71ms p(90)=181.93ms p(95)=225.39ms
      { expected_response:true }...: avg=105.9ms  min=4.09ms med=97.66ms  max=764.71ms p(90)=181.92ms p(95)=225.34ms
    http_req_failed................: 0.02%  6 out of 20400
    http_reqs......................: 20400  2713.63562/s

    EXECUTION
    iteration_duration.............: avg=212.62ms min=9.37ms med=197.88ms max=1s       p(90)=327.62ms p(95)=379.15ms
    iterations.....................: 10200  1356.81781/s
    vus............................: 259    min=259        max=300
    vus_max........................: 300    min=300        max=300

    NETWORK
    data_received..................: 1.3 MB 172 kB/s
    data_sent......................: 2.9 MB 385 kB/s




running (00m07.5s), 000/300 VUs, 10200 complete and 0 interrupted iterations
insert_then_update ✓ [ 100% ] 300 VUs  00m07.5s/10m0s  10200/10200 iters, 34 per VU
