
         /\      Grafana   /‾‾/  
    /\  /  \     |\  __   /  /   
   /  \/    \    | |/ /  /   ‾‾\ 
  /          \   |   (  |  (‾)  |
 / __________ \  |_|\_\  \_____/ 


     execution: local
        script: load-test/large-db-insert-then-update.js
        output: -

     scenarios: (100.00%) 1 scenario, 50 max VUs, 10m30s max duration (incl. graceful stop):
              * insert_then_update: 200 iterations for each of 50 VUs (maxDuration: 10m0s, gracefulStop: 30s)


running (00m01.0s), 50/50 VUs, 1207 complete and 0 interrupted iterations
insert_then_update   [  12% ] 50 VUs  00m01.0s/10m0s  01207/10000 iters, 200 per VU

running (00m02.0s), 50/50 VUs, 2562 complete and 0 interrupted iterations
insert_then_update   [  26% ] 50 VUs  00m02.0s/10m0s  02562/10000 iters, 200 per VU

running (00m03.0s), 50/50 VUs, 3899 complete and 0 interrupted iterations
insert_then_update   [  39% ] 50 VUs  00m03.0s/10m0s  03899/10000 iters, 200 per VU

running (00m04.0s), 50/50 VUs, 5016 complete and 0 interrupted iterations
insert_then_update   [  50% ] 50 VUs  00m04.0s/10m0s  05016/10000 iters, 200 per VU

running (00m05.0s), 50/50 VUs, 6277 complete and 0 interrupted iterations
insert_then_update   [  63% ] 50 VUs  00m05.0s/10m0s  06277/10000 iters, 200 per VU

running (00m06.0s), 50/50 VUs, 7593 complete and 0 interrupted iterations
insert_then_update   [  76% ] 50 VUs  00m06.0s/10m0s  07593/10000 iters, 200 per VU

running (00m07.0s), 50/50 VUs, 8621 complete and 0 interrupted iterations
insert_then_update   [  86% ] 50 VUs  00m07.0s/10m0s  08621/10000 iters, 200 per VU

running (00m08.0s), 50/50 VUs, 9568 complete and 0 interrupted iterations
insert_then_update   [  96% ] 50 VUs  00m08.0s/10m0s  09568/10000 iters, 200 per VU


  █ TOTAL RESULTS 

    HTTP
    http_req_duration..............: avg=20.61ms min=5.18ms med=19.28ms max=72.67ms  p(90)=28.06ms p(95)=32.52ms
      { expected_response:true }...: avg=20.61ms min=5.18ms med=19.28ms max=72.67ms  p(90)=28.06ms p(95)=32.52ms
    http_req_failed................: 0.00%  0 out of 20000
    http_reqs......................: 20000  2392.047809/s

    EXECUTION
    iteration_duration.............: avg=41.54ms min=12.6ms med=39.17ms max=140.16ms p(90)=54.95ms p(95)=61.43ms
    iterations.....................: 10000  1196.023905/s
    vus............................: 50     min=50         max=50
    vus_max........................: 50     min=50         max=50

    NETWORK
    data_received..................: 1.3 MB 152 kB/s
    data_sent......................: 2.8 MB 339 kB/s




running (00m08.4s), 00/50 VUs, 10000 complete and 0 interrupted iterations
insert_then_update ✓ [ 100% ] 50 VUs  00m08.4s/10m0s  10000/10000 iters, 200 per VU
