
         /\      Grafana   /‾‾/  
    /\  /  \     |\  __   /  /   
   /  \/    \    | |/ /  /   ‾‾\ 
  /          \   |   (  |  (‾)  |
 / __________ \  |_|\_\  \_____/ 


     execution: local
        script: load-test/large-db-insert-then-update.js
        output: -

     scenarios: (100.00%) 1 scenario, 100 max VUs, 10m30s max duration (incl. graceful stop):
              * insert_then_update: 100 iterations for each of 100 VUs (maxDuration: 10m0s, gracefulStop: 30s)


running (00m01.0s), 100/100 VUs, 1141 complete and 0 interrupted iterations
insert_then_update   [  11% ] 100 VUs  00m01.0s/10m0s  01141/10000 iters, 100 per VU

running (00m02.0s), 100/100 VUs, 2217 complete and 0 interrupted iterations
insert_then_update   [  22% ] 100 VUs  00m02.0s/10m0s  02217/10000 iters, 100 per VU

running (00m03.0s), 100/100 VUs, 3743 complete and 0 interrupted iterations
insert_then_update   [  37% ] 100 VUs  00m03.0s/10m0s  03743/10000 iters, 100 per VU

running (00m04.0s), 100/100 VUs, 4922 complete and 0 interrupted iterations
insert_then_update   [  49% ] 100 VUs  00m04.0s/10m0s  04922/10000 iters, 100 per VU

running (00m05.0s), 100/100 VUs, 6163 complete and 0 interrupted iterations
insert_then_update   [  62% ] 100 VUs  00m05.0s/10m0s  06163/10000 iters, 100 per VU

running (00m06.0s), 100/100 VUs, 7528 complete and 0 interrupted iterations
insert_then_update   [  75% ] 100 VUs  00m06.0s/10m0s  07528/10000 iters, 100 per VU

running (00m07.0s), 100/100 VUs, 8796 complete and 0 interrupted iterations
insert_then_update   [  88% ] 100 VUs  00m07.0s/10m0s  08796/10000 iters, 100 per VU


  █ TOTAL RESULTS 

    HTTP
    http_req_duration..............: avg=39.22ms min=4.03ms med=37.84ms max=188.7ms  p(90)=52.23ms  p(95)=59.95ms 
      { expected_response:true }...: avg=39.22ms min=4.03ms med=37.84ms max=188.7ms  p(90)=52.23ms  p(95)=59.95ms 
    http_req_failed................: 0.00%  0 out of 20000
    http_reqs......................: 20000  2510.877876/s

    EXECUTION
    iteration_duration.............: avg=78.82ms min=9.42ms med=76.8ms  max=239.57ms p(90)=101.47ms p(95)=110.46ms
    iterations.....................: 10000  1255.438938/s
    vus............................: 100    min=100        max=100
    vus_max........................: 100    min=100        max=100

    NETWORK
    data_received..................: 1.3 MB 160 kB/s
    data_sent......................: 2.8 MB 356 kB/s




running (00m08.0s), 000/100 VUs, 10000 complete and 0 interrupted iterations
insert_then_update ✓ [ 100% ] 100 VUs  00m08.0s/10m0s  10000/10000 iters, 100 per VU
