
         /\      Grafana   /‾‾/  
    /\  /  \     |\  __   /  /   
   /  \/    \    | |/ /  /   ‾‾\ 
  /          \   |   (  |  (‾)  |
 / __________ \  |_|\_\  \_____/ 


     execution: local
        script: load-test/large-db-insert-then-update.js
        output: -

     scenarios: (100.00%) 1 scenario, 200 max VUs, 10m30s max duration (incl. graceful stop):
              * insert_then_update: 50 iterations for each of 200 VUs (maxDuration: 10m0s, gracefulStop: 30s)


running (00m01.0s), 200/200 VUs, 1132 complete and 0 interrupted iterations
insert_then_update   [  11% ] 200 VUs  00m01.0s/10m0s  01132/10000 iters, 50 per VU

running (00m02.0s), 200/200 VUs, 2288 complete and 0 interrupted iterations
insert_then_update   [  23% ] 200 VUs  00m02.0s/10m0s  02288/10000 iters, 50 per VU

running (00m03.0s), 200/200 VUs, 3512 complete and 0 interrupted iterations
insert_then_update   [  35% ] 200 VUs  00m03.0s/10m0s  03512/10000 iters, 50 per VU

running (00m04.0s), 200/200 VUs, 4595 complete and 0 interrupted iterations
insert_then_update   [  46% ] 200 VUs  00m04.0s/10m0s  04595/10000 iters, 50 per VU

running (00m05.0s), 200/200 VUs, 5931 complete and 0 interrupted iterations
insert_then_update   [  59% ] 200 VUs  00m05.0s/10m0s  05931/10000 iters, 50 per VU

running (00m06.0s), 200/200 VUs, 7350 complete and 0 interrupted iterations
insert_then_update   [  74% ] 200 VUs  00m06.0s/10m0s  07350/10000 iters, 50 per VU

running (00m07.0s), 200/200 VUs, 8668 complete and 0 interrupted iterations
insert_then_update   [  87% ] 200 VUs  00m07.0s/10m0s  08668/10000 iters, 50 per VU


  █ TOTAL RESULTS 

    HTTP
    http_req_duration..............: avg=76.48ms  min=4.62ms med=72.23ms  max=334.22ms p(90)=114.05ms p(95)=130.43ms
      { expected_response:true }...: avg=76.48ms  min=4.62ms med=72.23ms  max=334.22ms p(90)=114.05ms p(95)=130.43ms
    http_req_failed................: 0.00%  0 out of 20000
    http_reqs......................: 20000  2558.583634/s

    EXECUTION
    iteration_duration.............: avg=153.48ms min=9.96ms med=145.74ms max=480.9ms  p(90)=213.73ms p(95)=234.06ms
    iterations.....................: 10000  1279.291817/s
    vus............................: 200    min=200        max=200
    vus_max........................: 200    min=200        max=200

    NETWORK
    data_received..................: 1.3 MB 163 kB/s
    data_sent......................: 2.8 MB 363 kB/s




running (00m07.8s), 000/200 VUs, 10000 complete and 0 interrupted iterations
insert_then_update ✓ [ 100% ] 200 VUs  00m07.8s/10m0s  10000/10000 iters, 50 per VU
