
         /\      Grafana   /‾‾/  
    /\  /  \     |\  __   /  /   
   /  \/    \    | |/ /  /   ‾‾\ 
  /          \   |   (  |  (‾)  |
 / __________ \  |_|\_\  \_____/ 


     execution: local
        script: load-test/large-db-insert-then-update.js
        output: -

     scenarios: (100.00%) 1 scenario, 100 max VUs, 10m30s max duration (incl. graceful stop):
              * insert_then_update: 100 iterations for each of 100 VUs (maxDuration: 10m0s, gracefulStop: 30s)


running (00m01.0s), 100/100 VUs, 1106 complete and 0 interrupted iterations
insert_then_update   [  11% ] 100 VUs  00m01.0s/10m0s  01106/10000 iters, 100 per VU

running (00m02.0s), 100/100 VUs, 2047 complete and 0 interrupted iterations
insert_then_update   [  20% ] 100 VUs  00m02.0s/10m0s  02047/10000 iters, 100 per VU

running (00m03.0s), 100/100 VUs, 3131 complete and 0 interrupted iterations
insert_then_update   [  31% ] 100 VUs  00m03.0s/10m0s  03131/10000 iters, 100 per VU

running (00m04.0s), 100/100 VUs, 4340 complete and 0 interrupted iterations
insert_then_update   [  43% ] 100 VUs  00m04.0s/10m0s  04340/10000 iters, 100 per VU

running (00m05.0s), 100/100 VUs, 5415 complete and 0 interrupted iterations
insert_then_update   [  54% ] 100 VUs  00m05.0s/10m0s  05415/10000 iters, 100 per VU

running (00m06.0s), 100/100 VUs, 6466 complete and 0 interrupted iterations
insert_then_update   [  65% ] 100 VUs  00m06.0s/10m0s  06466/10000 iters, 100 per VU

running (00m07.0s), 100/100 VUs, 7282 complete and 0 interrupted iterations
insert_then_update   [  73% ] 100 VUs  00m07.0s/10m0s  07282/10000 iters, 100 per VU

running (00m08.0s), 100/100 VUs, 8524 complete and 0 interrupted iterations
insert_then_update   [  85% ] 100 VUs  00m08.0s/10m0s  08524/10000 iters, 100 per VU

running (00m09.0s), 067/100 VUs, 9866 complete and 0 interrupted iterations
insert_then_update   [  99% ] 100 VUs  00m09.0s/10m0s  09866/10000 iters, 100 per VU


  █ TOTAL RESULTS 

    HTTP
    http_req_duration..............: avg=44.8ms  min=7.77ms  med=41.05ms max=226.97ms p(90)=62.81ms  p(95)=75.08ms 
      { expected_response:true }...: avg=44.8ms  min=7.77ms  med=41.05ms max=226.97ms p(90)=62.81ms  p(95)=75.08ms 
    http_req_failed................: 0.00%  0 out of 20000
    http_reqs......................: 20000  2193.240715/s

    EXECUTION
    iteration_duration.............: avg=90.03ms min=16.84ms med=83.01ms max=314.19ms p(90)=121.96ms p(95)=146.49ms
    iterations.....................: 10000  1096.620358/s
    vus............................: 67     min=67         max=100
    vus_max........................: 100    min=100        max=100

    NETWORK
    data_received..................: 1.3 MB 140 kB/s
    data_sent......................: 2.8 MB 311 kB/s




running (00m09.1s), 000/100 VUs, 10000 complete and 0 interrupted iterations
insert_then_update ✓ [ 100% ] 100 VUs  00m09.1s/10m0s  10000/10000 iters, 100 per VU
