
         /\      Grafana   /‾‾/  
    /\  /  \     |\  __   /  /   
   /  \/    \    | |/ /  /   ‾‾\ 
  /          \   |   (  |  (‾)  |
 / __________ \  |_|\_\  \_____/ 


     execution: local
        script: load-test/large-db-insert-then-update.js
        output: -

     scenarios: (100.00%) 1 scenario, 50 max VUs, 10m30s max duration (incl. graceful stop):
              * insert_then_update: 200 iterations for each of 50 VUs (maxDuration: 10m0s, gracefulStop: 30s)


running (00m01.0s), 50/50 VUs, 1257 complete and 0 interrupted iterations
insert_then_update   [  13% ] 50 VUs  00m01.0s/10m0s  01257/10000 iters, 200 per VU

running (00m02.0s), 50/50 VUs, 2370 complete and 0 interrupted iterations
insert_then_update   [  24% ] 50 VUs  00m02.0s/10m0s  02370/10000 iters, 200 per VU

running (00m03.0s), 50/50 VUs, 3553 complete and 0 interrupted iterations
insert_then_update   [  36% ] 50 VUs  00m03.0s/10m0s  03553/10000 iters, 200 per VU

running (00m04.0s), 50/50 VUs, 4659 complete and 0 interrupted iterations
insert_then_update   [  47% ] 50 VUs  00m04.0s/10m0s  04659/10000 iters, 200 per VU

running (00m05.0s), 50/50 VUs, 5626 complete and 0 interrupted iterations
insert_then_update   [  56% ] 50 VUs  00m05.0s/10m0s  05626/10000 iters, 200 per VU

running (00m06.0s), 50/50 VUs, 6832 complete and 0 interrupted iterations
insert_then_update   [  68% ] 50 VUs  00m06.0s/10m0s  06833/10000 iters, 200 per VU

running (00m07.0s), 50/50 VUs, 8007 complete and 0 interrupted iterations
insert_then_update   [  80% ] 50 VUs  00m07.0s/10m0s  08007/10000 iters, 200 per VU

running (00m08.0s), 50/50 VUs, 9214 complete and 0 interrupted iterations
insert_then_update   [  92% ] 50 VUs  00m08.0s/10m0s  09214/10000 iters, 200 per VU


  █ TOTAL RESULTS 

    HTTP
    http_req_duration..............: avg=21.09ms min=4.65ms  med=19.72ms max=108.04ms p(90)=28.23ms p(95)=31.98ms
      { expected_response:true }...: avg=21.09ms min=4.65ms  med=19.72ms max=108.04ms p(90)=28.23ms p(95)=31.98ms
    http_req_failed................: 0.00%  0 out of 20000
    http_reqs......................: 20000  2335.994908/s

    EXECUTION
    iteration_duration.............: avg=42.5ms  min=10.45ms med=40.19ms max=152.3ms  p(90)=54.93ms p(95)=62.55ms
    iterations.....................: 10000  1167.997454/s
    vus............................: 50     min=50         max=50
    vus_max........................: 50     min=50         max=50

    NETWORK
    data_received..................: 1.3 MB 149 kB/s
    data_sent......................: 2.8 MB 332 kB/s




running (00m08.6s), 00/50 VUs, 10000 complete and 0 interrupted iterations
insert_then_update ✓ [ 100% ] 50 VUs  00m08.6s/10m0s  10000/10000 iters, 200 per VU
