
         /\      Grafana   /‾‾/  
    /\  /  \     |\  __   /  /   
   /  \/    \    | |/ /  /   ‾‾\ 
  /          \   |   (  |  (‾)  |
 / __________ \  |_|\_\  \_____/ 


     execution: local
        script: load-test/large-db-insert.js
        output: -

     scenarios: (100.00%) 1 scenario, 50 max VUs, 10m30s max duration (incl. graceful stop):
              * insert: 200 iterations for each of 50 VUs (maxDuration: 10m0s, gracefulStop: 30s)


running (00m01.0s), 50/50 VUs, 2396 complete and 0 interrupted iterations
insert   [  24% ] 50 VUs  00m01.0s/10m0s  02396/10000 iters, 200 per VU

running (00m02.0s), 50/50 VUs, 5140 complete and 0 interrupted iterations
insert   [  51% ] 50 VUs  00m02.0s/10m0s  05140/10000 iters, 200 per VU

running (00m03.0s), 50/50 VUs, 8024 complete and 0 interrupted iterations
insert   [  80% ] 50 VUs  00m03.0s/10m0s  08024/10000 iters, 200 per VU

running (00m04.0s), 05/50 VUs, 9992 complete and 0 interrupted iterations
insert   [ 100% ] 50 VUs  00m04.0s/10m0s  09992/10000 iters, 200 per VU


  █ TOTAL RESULTS 

    HTTP
    http_req_duration..............: avg=19.6ms  min=6.34ms med=18.43ms max=79.93ms p(90)=25.78ms p(95)=28.45ms
      { expected_response:true }...: avg=19.6ms  min=6.34ms med=18.43ms max=79.93ms p(90)=25.78ms p(95)=28.45ms
    http_req_failed................: 0.00%  0 out of 10000
    http_reqs......................: 10000  2491.907034/s

    EXECUTION
    iteration_duration.............: avg=19.79ms min=6.34ms med=18.54ms max=79.93ms p(90)=26.02ms p(95)=29.01ms
    iterations.....................: 10000  2491.907034/s
    vus............................: 5      min=5          max=50
    vus_max........................: 50     min=50         max=50

    NETWORK
    data_received..................: 732 kB 182 kB/s
    data_sent......................: 1.4 MB 344 kB/s




running (00m04.0s), 00/50 VUs, 10000 complete and 0 interrupted iterations
insert ✓ [ 100% ] 50 VUs  00m04.0s/10m0s  10000/10000 iters, 200 per VU
