
         /\      Grafana   /‾‾/  
    /\  /  \     |\  __   /  /   
   /  \/    \    | |/ /  /   ‾‾\ 
  /          \   |   (  |  (‾)  |
 / __________ \  |_|\_\  \_____/ 


     execution: local
        script: load-test/large-db-insert-async.js
        output: -

     scenarios: (100.00%) 1 scenario, 50 max VUs, 10m30s max duration (incl. graceful stop):
              * insert_async: 200 iterations for each of 50 VUs (maxDuration: 10m0s, gracefulStop: 30s)



  █ TOTAL RESULTS 

    HTTP
    http_req_duration..............: avg=1.76ms min=0s med=1.45ms max=23.62ms p(90)=3.36ms p(95)=4.55ms
      { expected_response:true }...: avg=1.76ms min=0s med=1.45ms max=23.62ms p(90)=3.36ms p(95)=4.55ms
    http_req_failed................: 0.00%  0 out of 10000
    http_reqs......................: 10000  21983.235145/s

    EXECUTION
    iteration_duration.............: avg=2.13ms min=0s med=1.51ms max=34.94ms p(90)=4.16ms p(95)=6.33ms
    iterations.....................: 10000  21983.235145/s

    NETWORK
    data_received..................: 732 kB 1.6 MB/s
    data_sent......................: 1.4 MB 3.2 MB/s




running (00m00.5s), 00/50 VUs, 10000 complete and 0 interrupted iterations
insert_async ✓ [ 100% ] 50 VUs  00m00.5s/10m0s  10000/10000 iters, 200 per VU
