
         /\      Grafana   /‾‾/  
    /\  /  \     |\  __   /  /   
   /  \/    \    | |/ /  /   ‾‾\ 
  /          \   |   (  |  (‾)  |
 / __________ \  |_|\_\  \_____/ 


     execution: local
        script: load-test/large-db-insert-async.js
        output: -

     scenarios: (100.00%) 1 scenario, 10 max VUs, 10m30s max duration (incl. graceful stop):
              * insert_async: 1000 iterations for each of 10 VUs (maxDuration: 10m0s, gracefulStop: 30s)



  █ TOTAL RESULTS 

    HTTP
    http_req_duration..............: avg=493.54µs min=0s med=520.5µs max=10.6ms  p(90)=1ms    p(95)=1.28ms
      { expected_response:true }...: avg=493.54µs min=0s med=520.5µs max=10.6ms  p(90)=1ms    p(95)=1.28ms
    http_req_failed................: 0.00%  0 out of 10000
    http_reqs......................: 10000  15719.264005/s

    EXECUTION
    iteration_duration.............: avg=618.07µs min=0s med=537.4µs max=18.51ms p(90)=1.11ms p(95)=1.51ms
    iterations.....................: 10000  15719.264005/s

    NETWORK
    data_received..................: 732 kB 1.2 MB/s
    data_sent......................: 1.4 MB 2.3 MB/s




running (00m00.6s), 00/10 VUs, 10000 complete and 0 interrupted iterations
insert_async ✓ [ 100% ] 10 VUs  00m00.6s/10m0s  10000/10000 iters, 1000 per VU
