
         /\      Grafana   /‾‾/  
    /\  /  \     |\  __   /  /   
   /  \/    \    | |/ /  /   ‾‾\ 
  /          \   |   (  |  (‾)  |
 / __________ \  |_|\_\  \_____/ 


     execution: local
        script: load-test/large-db-insert-then-update-async.js
        output: -

     scenarios: (100.00%) 1 scenario, 200 max VUs, 10m30s max duration (incl. graceful stop):
              * insert_then_update_async: 50 iterations for each of 200 VUs (maxDuration: 10m0s, gracefulStop: 30s)



  █ TOTAL RESULTS 

    HTTP
    http_req_duration..............: avg=6.01ms  min=0s med=4.56ms  max=64.94ms p(90)=10.52ms p(95)=16.12ms
      { expected_response:true }...: avg=6.01ms  min=0s med=4.56ms  max=64.94ms p(90)=10.52ms p(95)=16.12ms
    http_req_failed................: 0.00%  0 out of 20000
    http_reqs......................: 20000  26818.739648/s

    EXECUTION
    iteration_duration.............: avg=13.65ms min=0s med=11.04ms max=98.16ms p(90)=27.72ms p(95)=36.1ms 
    iterations.....................: 10000  13409.369824/s

    NETWORK
    data_received..................: 1.5 MB 2.0 MB/s
    data_sent......................: 3.0 MB 4.0 MB/s




running (00m00.7s), 000/200 VUs, 10000 complete and 0 interrupted iterations
insert_then_update_async ✓ [ 100% ] 200 VUs  00m00.7s/10m0s  10000/10000 iters, 50 per VU
