
         /\      Grafana   /‾‾/  
    /\  /  \     |\  __   /  /   
   /  \/    \    | |/ /  /   ‾‾\ 
  /          \   |   (  |  (‾)  |
 / __________ \  |_|\_\  \_____/ 


     execution: local
        script: load-test/large-db-insert-then-update-async.js
        output: -

     scenarios: (100.00%) 1 scenario, 50 max VUs, 10m30s max duration (incl. graceful stop):
              * insert_then_update_async: 200 iterations for each of 50 VUs (maxDuration: 10m0s, gracefulStop: 30s)



  █ TOTAL RESULTS 

    HTTP
    http_req_duration..............: avg=1.7ms  min=0s med=1.44ms max=19.47ms p(90)=3.37ms p(95)=4.43ms
      { expected_response:true }...: avg=1.7ms  min=0s med=1.44ms max=19.47ms p(90)=3.37ms p(95)=4.43ms
    http_req_failed................: 0.00%  0 out of 20000
    http_reqs......................: 20000  24626.047315/s

    EXECUTION
    iteration_duration.............: avg=3.92ms min=0s med=3.22ms max=32.74ms p(90)=7.12ms p(95)=9.39ms
    iterations.....................: 10000  12313.023658/s

    NETWORK
    data_received..................: 1.5 MB 1.8 MB/s
    data_sent......................: 3.0 MB 3.6 MB/s




running (00m00.8s), 00/50 VUs, 10000 complete and 0 interrupted iterations
insert_then_update_async ✓ [ 100% ] 50 VUs  00m00.8s/10m0s  10000/10000 iters, 200 per VU
