
         /\      Grafana   /‾‾/  
    /\  /  \     |\  __   /  /   
   /  \/    \    | |/ /  /   ‾‾\ 
  /          \   |   (  |  (‾)  |
 / __________ \  |_|\_\  \_____/ 


     execution: local
        script: load-test/large-db-insert-async.js
        output: -

     scenarios: (100.00%) 1 scenario, 200 max VUs, 10m30s max duration (incl. graceful stop):
              * insert_async: 50 iterations for each of 200 VUs (maxDuration: 10m0s, gracefulStop: 30s)



  █ TOTAL RESULTS 

    HTTP
    http_req_duration..............: avg=5.38ms min=0s med=3.92ms max=79.6ms  p(90)=9.06ms  p(95)=12.76ms
      { expected_response:true }...: avg=5.38ms min=0s med=3.92ms max=79.6ms  p(90)=9.06ms  p(95)=12.76ms
    http_req_failed................: 0.00%  0 out of 10000
    http_reqs......................: 10000  25339.190403/s

    EXECUTION
    iteration_duration.............: avg=6.86ms min=0s med=4.42ms max=83.44ms p(90)=13.38ms p(95)=25.76ms
    iterations.....................: 10000  25339.190403/s

    NETWORK
    data_received..................: 730 kB 1.8 MB/s
    data_sent......................: 1.4 MB 3.6 MB/s




running (00m00.4s), 000/200 VUs, 10000 complete and 0 interrupted iterations
insert_async ✓ [ 100% ] 200 VUs  00m00.4s/10m0s  10000/10000 iters, 50 per VU
