
         /\      Grafana   /‾‾/  
    /\  /  \     |\  __   /  /   
   /  \/    \    | |/ /  /   ‾‾\ 
  /          \   |   (  |  (‾)  |
 / __________ \  |_|\_\  \_____/ 


     execution: local
        script: load-test/large-db-insert-then-update-async.js
        output: -

     scenarios: (100.00%) 1 scenario, 10 max VUs, 10m30s max duration (incl. graceful stop):
              * insert_then_update_async: 1000 iterations for each of 10 VUs (maxDuration: 10m0s, gracefulStop: 30s)


running (00m01.0s), 10/10 VUs, 9142 complete and 0 interrupted iterations
insert_then_update_async   [  91% ] 10 VUs  00m01.0s/10m0s  09143/10000 iters, 1000 per VU


  █ TOTAL RESULTS 

    HTTP
    http_req_duration..............: avg=428.83µs min=0s med=517.9µs max=8.58ms  p(90)=796.7µs p(95)=1.01ms
      { expected_response:true }...: avg=428.83µs min=0s med=517.9µs max=8.58ms  p(90)=796.7µs p(95)=1.01ms
    http_req_failed................: 0.00%  0 out of 20000
    http_reqs......................: 20000  18188.734862/s

    EXECUTION
    iteration_duration.............: avg=1.07ms   min=0s med=1.03ms  max=14.11ms p(90)=1.66ms  p(95)=2.04ms
    iterations.....................: 10000  9094.367431/s
    vus............................: 10     min=10         max=10
    vus_max........................: 10     min=10         max=10

    NETWORK
    data_received..................: 1.5 MB 1.3 MB/s
    data_sent......................: 3.0 MB 2.7 MB/s




running (00m01.1s), 00/10 VUs, 10000 complete and 0 interrupted iterations
insert_then_update_async ✓ [ 100% ] 10 VUs  00m01.1s/10m0s  10000/10000 iters, 1000 per VU
