
         /\      Grafana   /‾‾/  
    /\  /  \     |\  __   /  /   
   /  \/    \    | |/ /  /   ‾‾\ 
  /          \   |   (  |  (‾)  |
 / __________ \  |_|\_\  \_____/ 


     execution: local
        script: load-test/large-db-insert-then-update-async.js
        output: -

     scenarios: (100.00%) 1 scenario, 100 max VUs, 10m30s max duration (incl. graceful stop):
              * insert_then_update_async: 100 iterations for each of 100 VUs (maxDuration: 10m0s, gracefulStop: 30s)



  █ TOTAL RESULTS 

    HTTP
    http_req_duration..............: avg=3.26ms min=0s med=2.41ms max=41.62ms p(90)=6.26ms  p(95)=9.14ms 
      { expected_response:true }...: avg=3.26ms min=0s med=2.41ms max=41.62ms p(90)=6.26ms  p(95)=9.14ms 
    http_req_failed................: 0.00%  0 out of 20000
    http_reqs......................: 20000  22350.621576/s

    EXECUTION
    iteration_duration.............: avg=8.38ms min=0s med=6.01ms max=92.86ms p(90)=17.13ms p(95)=26.36ms
    iterations.....................: 10000  11175.310788/s

    NETWORK
    data_received..................: 1.5 MB 1.6 MB/s
    data_sent......................: 3.0 MB 3.3 MB/s




running (00m00.9s), 000/100 VUs, 10000 complete and 0 interrupted iterations
insert_then_update_async ✓ [ 100% ] 100 VUs  00m00.9s/10m0s  10000/10000 iters, 100 per VU
