
         /\      Grafana   /‾‾/  
    /\  /  \     |\  __   /  /   
   /  \/    \    | |/ /  /   ‾‾\ 
  /          \   |   (  |  (‾)  |
 / __________ \  |_|\_\  \_____/ 


     execution: local
        script: load-test/large-db-insert-then-update.js
        output: -

     scenarios: (100.00%) 1 scenario, 100 max VUs, 10m30s max duration (incl. graceful stop):
              * insert_then_update: 100 iterations for each of 100 VUs (maxDuration: 10m0s, gracefulStop: 30s)


running (00m01.0s), 100/100 VUs, 1077 complete and 0 interrupted iterations
insert_then_update   [  11% ] 100 VUs  00m01.0s/10m0s  01077/10000 iters, 100 per VU

running (00m02.0s), 100/100 VUs, 2284 complete and 0 interrupted iterations
insert_then_update   [  23% ] 100 VUs  00m02.0s/10m0s  02284/10000 iters, 100 per VU

running (00m03.0s), 100/100 VUs, 3453 complete and 0 interrupted iterations
insert_then_update   [  35% ] 100 VUs  00m03.0s/10m0s  03453/10000 iters, 100 per VU

running (00m04.0s), 100/100 VUs, 4550 complete and 0 interrupted iterations
insert_then_update   [  46% ] 100 VUs  00m04.0s/10m0s  04550/10000 iters, 100 per VU

running (00m05.0s), 100/100 VUs, 5897 complete and 0 interrupted iterations
insert_then_update   [  59% ] 100 VUs  00m05.0s/10m0s  05897/10000 iters, 100 per VU

running (00m06.0s), 100/100 VUs, 7366 complete and 0 interrupted iterations
insert_then_update   [  74% ] 100 VUs  00m06.0s/10m0s  07366/10000 iters, 100 per VU

running (00m07.0s), 100/100 VUs, 8747 complete and 0 interrupted iterations
insert_then_update   [  88% ] 100 VUs  00m07.0s/10m0s  08750/10000 iters, 100 per VU


  █ TOTAL RESULTS 

    HTTP
    http_req_duration..............: avg=38.47ms min=4.76ms  med=37.43ms max=163.69ms p(90)=51.99ms  p(95)=59.07ms 
      { expected_response:true }...: avg=38.47ms min=4.76ms  med=37.43ms max=163.69ms p(90)=51.99ms  p(95)=59.07ms 
    http_req_failed................: 0.00%  0 out of 20000
    http_reqs......................: 20000  2551.541977/s

    EXECUTION
    iteration_duration.............: avg=77.3ms  min=10.81ms med=75.91ms max=197.04ms p(90)=100.12ms p(95)=109.03ms
    iterations.....................: 10000  1275.770989/s
    vus............................: 100    min=100        max=100
    vus_max........................: 100    min=100        max=100

    NETWORK
    data_received..................: 1.3 MB 163 kB/s
    data_sent......................: 2.8 MB 362 kB/s




running (00m07.8s), 000/100 VUs, 10000 complete and 0 interrupted iterations
insert_then_update ✓ [ 100% ] 100 VUs  00m07.8s/10m0s  10000/10000 iters, 100 per VU
