
         /\      Grafana   /‾‾/  
    /\  /  \     |\  __   /  /   
   /  \/    \    | |/ /  /   ‾‾\ 
  /          \   |   (  |  (‾)  |
 / __________ \  |_|\_\  \_____/ 


     execution: local
        script: load-test/large-db-insert-then-update.js
        output: -

     scenarios: (100.00%) 1 scenario, 50 max VUs, 10m30s max duration (incl. graceful stop):
              * insert_then_update: 200 iterations for each of 50 VUs (maxDuration: 10m0s, gracefulStop: 30s)


running (00m01.0s), 50/50 VUs, 1408 complete and 0 interrupted iterations
insert_then_update   [  14% ] 50 VUs  00m01.0s/10m0s  01408/10000 iters, 200 per VU

running (00m02.0s), 50/50 VUs, 2901 complete and 0 interrupted iterations
insert_then_update   [  29% ] 50 VUs  00m02.0s/10m0s  02902/10000 iters, 200 per VU

running (00m03.0s), 50/50 VUs, 4479 complete and 0 interrupted iterations
insert_then_update   [  45% ] 50 VUs  00m03.0s/10m0s  04479/10000 iters, 200 per VU

running (00m04.0s), 50/50 VUs, 5875 complete and 0 interrupted iterations
insert_then_update   [  59% ] 50 VUs  00m04.0s/10m0s  05875/10000 iters, 200 per VU

running (00m05.0s), 50/50 VUs, 7376 complete and 0 interrupted iterations
insert_then_update   [  74% ] 50 VUs  00m05.0s/10m0s  07376/10000 iters, 200 per VU

running (00m06.0s), 50/50 VUs, 8739 complete and 0 interrupted iterations
insert_then_update   [  87% ] 50 VUs  00m06.0s/10m0s  08739/10000 iters, 200 per VU

running (00m07.0s), 05/50 VUs, 9993 complete and 0 interrupted iterations
insert_then_update   [ 100% ] 50 VUs  00m07.0s/10m0s  09993/10000 iters, 200 per VU


  █ TOTAL RESULTS 

    HTTP
    http_req_duration..............: avg=17.23ms min=6.22ms  med=16.79ms max=40.03ms p(90)=22.06ms p(95)=23.93ms
      { expected_response:true }...: avg=17.23ms min=6.22ms  med=16.79ms max=40.03ms p(90)=22.06ms p(95)=23.93ms
    http_req_failed................: 0.00%  0 out of 20000
    http_reqs......................: 20000  2848.824777/s

    EXECUTION
    iteration_duration.............: avg=34.72ms min=13.56ms med=34.13ms max=66.57ms p(90)=42.4ms  p(95)=45.36ms
    iterations.....................: 10000  1424.412389/s
    vus............................: 5      min=5          max=50
    vus_max........................: 50     min=50         max=50

    NETWORK
    data_received..................: 1.3 MB 181 kB/s
    data_sent......................: 2.8 MB 404 kB/s




running (00m07.0s), 00/50 VUs, 10000 complete and 0 interrupted iterations
insert_then_update ✓ [ 100% ] 50 VUs  00m07.0s/10m0s  10000/10000 iters, 200 per VU
