
         /\      Grafana   /‾‾/  
    /\  /  \     |\  __   /  /   
   /  \/    \    | |/ /  /   ‾‾\ 
  /          \   |   (  |  (‾)  |
 / __________ \  |_|\_\  \_____/ 


     execution: local
        script: load-test/large-db-insert.js
        output: -

     scenarios: (100.00%) 1 scenario, 50 max VUs, 10m30s max duration (incl. graceful stop):
              * insert: 200 iterations for each of 50 VUs (maxDuration: 10m0s, gracefulStop: 30s)


running (00m01.0s), 50/50 VUs, 2651 complete and 0 interrupted iterations
insert   [  27% ] 50 VUs  00m01.0s/10m0s  02651/10000 iters, 200 per VU

running (00m02.0s), 50/50 VUs, 5588 complete and 0 interrupted iterations
insert   [  56% ] 50 VUs  00m02.0s/10m0s  05588/10000 iters, 200 per VU

running (00m03.0s), 50/50 VUs, 8316 complete and 0 interrupted iterations
insert   [  83% ] 50 VUs  00m03.0s/10m0s  08316/10000 iters, 200 per VU


  █ TOTAL RESULTS 

    HTTP
    http_req_duration..............: avg=17.78ms min=7.24ms med=17.14ms max=44.75ms p(90)=22.45ms p(95)=24.63ms
      { expected_response:true }...: avg=17.78ms min=7.24ms med=17.14ms max=44.75ms p(90)=22.45ms p(95)=24.63ms
    http_req_failed................: 0.00%  0 out of 10000
    http_reqs......................: 10000  2742.174902/s

    EXECUTION
    iteration_duration.............: avg=17.95ms min=7.24ms med=17.26ms max=45.26ms p(90)=22.69ms p(95)=25.34ms
    iterations.....................: 10000  2742.174902/s
    vus............................: 50     min=50         max=50
    vus_max........................: 50     min=50         max=50

    NETWORK
    data_received..................: 732 kB 201 kB/s
    data_sent......................: 1.4 MB 378 kB/s




running (00m03.6s), 00/50 VUs, 10000 complete and 0 interrupted iterations
insert ✓ [ 100% ] 50 VUs  00m03.6s/10m0s  10000/10000 iters, 200 per VU
