
         /\      Grafana   /‾‾/  
    /\  /  \     |\  __   /  /   
   /  \/    \    | |/ /  /   ‾‾\ 
  /          \   |   (  |  (‾)  |
 / __________ \  |_|\_\  \_____/ 


     execution: local
        script: load-test/large-db-insert-then-update-async.js
        output: -

     scenarios: (100.00%) 1 scenario, 300 max VUs, 10m30s max duration (incl. graceful stop):
              * insert_then_update_async: 34 iterations for each of 300 VUs (maxDuration: 10m0s, gracefulStop: 30s)



  █ TOTAL RESULTS 

    HTTP
    http_req_duration..............: avg=7.51ms  min=0s med=6ms     max=143.02ms p(90)=13.03ms p(95)=16.3ms
      { expected_response:true }...: avg=7.51ms  min=0s med=6ms     max=143.02ms p(90)=13.03ms p(95)=16.3ms
    http_req_failed................: 0.00%  0 out of 20400
    http_reqs......................: 20400  27937.803875/s

    EXECUTION
    iteration_duration.............: avg=18.92ms min=0s med=14.78ms max=147.02ms p(90)=40.1ms  p(95)=64.4ms
    iterations.....................: 10200  13968.901937/s

    NETWORK
    data_received..................: 1.5 MB 2.0 MB/s
    data_sent......................: 3.0 MB 4.1 MB/s




running (00m00.7s), 000/300 VUs, 10200 complete and 0 interrupted iterations
insert_then_update_async ✓ [ 100% ] 300 VUs  00m00.7s/10m0s  10200/10200 iters, 34 per VU
