
         /\      Grafana   /‾‾/  
    /\  /  \     |\  __   /  /   
   /  \/    \    | |/ /  /   ‾‾\ 
  /          \   |   (  |  (‾)  |
 / __________ \  |_|\_\  \_____/ 


     execution: local
        script: load-test/large-db-insert-async.js
        output: -

     scenarios: (100.00%) 1 scenario, 400 max VUs, 10m30s max duration (incl. graceful stop):
              * insert_async: 25 iterations for each of 400 VUs (maxDuration: 10m0s, gracefulStop: 30s)



  █ TOTAL RESULTS 

    HTTP
    http_req_duration..............: avg=9.18ms  min=0s med=6.3ms  max=120.04ms p(90)=15.77ms p(95)=24.67ms
      { expected_response:true }...: avg=9.18ms  min=0s med=6.3ms  max=120.04ms p(90)=15.77ms p(95)=24.67ms
    http_req_failed................: 0.00%  0 out of 10000
    http_reqs......................: 10000  25480.433575/s

    EXECUTION
    iteration_duration.............: avg=13.04ms min=0s med=7.08ms max=149.22ms p(90)=27.57ms p(95)=51.08ms
    iterations.....................: 10000  25480.433575/s

    NETWORK
    data_received..................: 730 kB 1.9 MB/s
    data_sent......................: 1.4 MB 3.7 MB/s




running (00m00.4s), 000/400 VUs, 10000 complete and 0 interrupted iterations
insert_async ✓ [ 100% ] 400 VUs  00m00.4s/10m0s  10000/10000 iters, 25 per VU
