
         /\      Grafana   /‾‾/  
    /\  /  \     |\  __   /  /   
   /  \/    \    | |/ /  /   ‾‾\ 
  /          \   |   (  |  (‾)  |
 / __________ \  |_|\_\  \_____/ 


     execution: local
        script: load-test/large-db-insert-async.js
        output: -

     scenarios: (100.00%) 1 scenario, 200 max VUs, 10m30s max duration (incl. graceful stop):
              * insert_async: 50 iterations for each of 200 VUs (maxDuration: 10m0s, gracefulStop: 30s)



  █ TOTAL RESULTS 

    HTTP
    http_req_duration..............: avg=6.03ms min=0s med=3.51ms max=173.52ms p(90)=9.11ms  p(95)=19.56ms
      { expected_response:true }...: avg=6.03ms min=0s med=3.51ms max=173.52ms p(90)=9.11ms  p(95)=19.56ms
    http_req_failed................: 0.00%  0 out of 10000
    http_reqs......................: 10000  20613.409724/s

    EXECUTION
    iteration_duration.............: avg=8.11ms min=0s med=4ms    max=185.94ms p(90)=19.05ms p(95)=35.25ms
    iterations.....................: 10000  20613.409724/s

    NETWORK
    data_received..................: 730 kB 1.5 MB/s
    data_sent......................: 1.4 MB 3.0 MB/s




running (00m00.5s), 000/200 VUs, 10000 complete and 0 interrupted iterations
insert_async ✓ [ 100% ] 200 VUs  00m00.5s/10m0s  10000/10000 iters, 50 per VU
