
         /\      Grafana   /‾‾/  
    /\  /  \     |\  __   /  /   
   /  \/    \    | |/ /  /   ‾‾\ 
  /          \   |   (  |  (‾)  |
 / __________ \  |_|\_\  \_____/ 


     execution: local
        script: load-test/large-db-insert-async.js
        output: -

     scenarios: (100.00%) 1 scenario, 100 max VUs, 10m30s max duration (incl. graceful stop):
              * insert_async: 100 iterations for each of 100 VUs (maxDuration: 10m0s, gracefulStop: 30s)



  █ TOTAL RESULTS 

    HTTP
    http_req_duration..............: avg=2.74ms min=0s med=1.99ms max=34.83ms p(90)=5.17ms p(95)=8.15ms 
      { expected_response:true }...: avg=2.74ms min=0s med=1.99ms max=34.83ms p(90)=5.17ms p(95)=8.15ms 
    http_req_failed................: 0.00%  0 out of 10000
    http_reqs......................: 10000  24393.373394/s

    EXECUTION
    iteration_duration.............: avg=3.65ms min=0s med=2.01ms max=48.82ms p(90)=8.31ms p(95)=14.06ms
    iterations.....................: 10000  24393.373394/s

    NETWORK
    data_received..................: 732 kB 1.8 MB/s
    data_sent......................: 1.4 MB 3.5 MB/s




running (00m00.4s), 000/100 VUs, 10000 complete and 0 interrupted iterations
insert_async ✓ [ 100% ] 100 VUs  00m00.4s/10m0s  10000/10000 iters, 100 per VU
