
         /\      Grafana   /‾‾/  
    /\  /  \     |\  __   /  /   
   /  \/    \    | |/ /  /   ‾‾\ 
  /          \   |   (  |  (‾)  |
 / __________ \  |_|\_\  \_____/ 


     execution: local
        script: load-test/large-db-insert-then-update-async.js
        output: -

     scenarios: (100.00%) 1 scenario, 100 max VUs, 10m30s max duration (incl. graceful stop):
              * insert_then_update_async: 100 iterations for each of 100 VUs (maxDuration: 10m0s, gracefulStop: 30s)



  █ TOTAL RESULTS 

    HTTP
    http_req_duration..............: avg=3.01ms min=0s med=2ms    max=35.97ms p(90)=5.99ms  p(95)=8.45ms 
      { expected_response:true }...: avg=3.01ms min=0s med=2ms    max=35.97ms p(90)=5.99ms  p(95)=8.45ms 
    http_req_failed................: 0.00%  0 out of 20000
    http_reqs......................: 20000  24267.088429/s

    EXECUTION
    iteration_duration.............: avg=7.56ms min=0s med=5.13ms max=70.5ms  p(90)=16.43ms p(95)=25.43ms
    iterations.....................: 10000  12133.544214/s

    NETWORK
    data_received..................: 1.5 MB 1.8 MB/s
    data_sent......................: 3.0 MB 3.6 MB/s




running (00m00.8s), 000/100 VUs, 10000 complete and 0 interrupted iterations
insert_then_update_async ✓ [ 100% ] 100 VUs  00m00.8s/10m0s  10000/10000 iters, 100 per VU
