
         /\      Grafana   /‾‾/  
    /\  /  \     |\  __   /  /   
   /  \/    \    | |/ /  /   ‾‾\ 
  /          \   |   (  |  (‾)  |
 / __________ \  |_|\_\  \_____/ 


     execution: local
        script: load-test/large-db-insert-async.js
        output: -

     scenarios: (100.00%) 1 scenario, 300 max VUs, 10m30s max duration (incl. graceful stop):
              * insert_async: 34 iterations for each of 300 VUs (maxDuration: 10m0s, gracefulStop: 30s)



  █ TOTAL RESULTS 

    HTTP
    http_req_duration..............: avg=8.77ms  min=0s med=6.03ms max=117.07ms p(90)=14.97ms p(95)=21.68ms
      { expected_response:true }...: avg=8.77ms  min=0s med=6.03ms max=117.07ms p(90)=14.97ms p(95)=21.68ms
    http_req_failed................: 0.00%  0 out of 10200
    http_reqs......................: 10200  21186.071031/s

    EXECUTION
    iteration_duration.............: avg=12.12ms min=0s med=6.71ms max=194.75ms p(90)=23.56ms p(95)=43.03ms
    iterations.....................: 10200  21186.071031/s

    NETWORK
    data_received..................: 745 kB 1.5 MB/s
    data_sent......................: 1.5 MB 3.0 MB/s




running (00m00.5s), 000/300 VUs, 10200 complete and 0 interrupted iterations
insert_async ✓ [ 100% ] 300 VUs  00m00.5s/10m0s  10200/10200 iters, 34 per VU
