
         /\      Grafana   /‾‾/  
    /\  /  \     |\  __   /  /   
   /  \/    \    | |/ /  /   ‾‾\ 
  /          \   |   (  |  (‾)  |
 / __________ \  |_|\_\  \_____/ 


     execution: local
        script: load-test/large-db-insert-then-update-async.js
        output: -

     scenarios: (100.00%) 1 scenario, 200 max VUs, 10m30s max duration (incl. graceful stop):
              * insert_then_update_async: 50 iterations for each of 200 VUs (maxDuration: 10m0s, gracefulStop: 30s)



  █ TOTAL RESULTS 

    HTTP
    http_req_duration..............: avg=6.61ms  min=0s med=5.01ms  max=90.13ms  p(90)=11.17ms p(95)=17.29ms
      { expected_response:true }...: avg=6.61ms  min=0s med=5.01ms  max=90.13ms  p(90)=11.17ms p(95)=17.29ms
    http_req_failed................: 0.00%  0 out of 20000
    http_reqs......................: 20000  22515.46362/s

    EXECUTION
    iteration_duration.............: avg=15.98ms min=0s med=12.42ms max=125.04ms p(90)=33.09ms p(95)=49.25ms
    iterations.....................: 10000  11257.73181/s

    NETWORK
    data_received..................: 1.5 MB 1.6 MB/s
    data_sent......................: 3.0 MB 3.3 MB/s




running (00m00.9s), 000/200 VUs, 10000 complete and 0 interrupted iterations
insert_then_update_async ✓ [ 100% ] 200 VUs  00m00.9s/10m0s  10000/10000 iters, 50 per VU
