
         /\      Grafana   /‾‾/  
    /\  /  \     |\  __   /  /   
   /  \/    \    | |/ /  /   ‾‾\ 
  /          \   |   (  |  (‾)  |
 / __________ \  |_|\_\  \_____/ 


     execution: local
        script: load-test/large-db-insert-async.js
        output: -

     scenarios: (100.00%) 1 scenario, 200 max VUs, 10m30s max duration (incl. graceful stop):
              * insert_async: 50 iterations for each of 200 VUs (maxDuration: 10m0s, gracefulStop: 30s)



  █ TOTAL RESULTS 

    HTTP
    http_req_duration..............: avg=5.19ms min=0s med=3.42ms max=74.9ms  p(90)=10.01ms p(95)=18.1ms 
      { expected_response:true }...: avg=5.19ms min=0s med=3.42ms max=74.9ms  p(90)=10.01ms p(95)=18.1ms 
    http_req_failed................: 0.00%  0 out of 10000
    http_reqs......................: 10000  23366.123794/s

    EXECUTION
    iteration_duration.............: avg=7.33ms min=0s med=3.54ms max=96.08ms p(90)=17.68ms p(95)=33.24ms
    iterations.....................: 10000  23366.123794/s

    NETWORK
    data_received..................: 730 kB 1.7 MB/s
    data_sent......................: 1.4 MB 3.4 MB/s




running (00m00.4s), 000/200 VUs, 10000 complete and 0 interrupted iterations
insert_async ✓ [ 100% ] 200 VUs  00m00.4s/10m0s  10000/10000 iters, 50 per VU
