
         /\      Grafana   /‾‾/  
    /\  /  \     |\  __   /  /   
   /  \/    \    | |/ /  /   ‾‾\ 
  /          \   |   (  |  (‾)  |
 / __________ \  |_|\_\  \_____/ 


     execution: local
        script: load-test/large-db-insert-async.js
        output: -

     scenarios: (100.00%) 1 scenario, 10 max VUs, 10m30s max duration (incl. graceful stop):
              * insert_async: 1000 iterations for each of 10 VUs (maxDuration: 10m0s, gracefulStop: 30s)



  █ TOTAL RESULTS 

    HTTP
    http_req_duration..............: avg=656.39µs min=0s med=526.4µs  max=28.39ms p(90)=1.27ms p(95)=1.64ms
      { expected_response:true }...: avg=656.39µs min=0s med=526.4µs  max=28.39ms p(90)=1.27ms p(95)=1.64ms
    http_req_failed................: 0.00%  0 out of 10000
    http_reqs......................: 10000  11789.975267/s

    EXECUTION
    iteration_duration.............: avg=819.64µs min=0s med=578.15µs max=28.39ms p(90)=1.51ms p(95)=2.08ms
    iterations.....................: 10000  11789.975267/s

    NETWORK
    data_received..................: 732 kB 863 kB/s
    data_sent......................: 1.4 MB 1.7 MB/s




running (00m00.8s), 00/10 VUs, 10000 complete and 0 interrupted iterations
insert_async ✓ [ 100% ] 10 VUs  00m00.8s/10m0s  10000/10000 iters, 1000 per VU
