
         /\      Grafana   /‾‾/  
    /\  /  \     |\  __   /  /   
   /  \/    \    | |/ /  /   ‾‾\ 
  /          \   |   (  |  (‾)  |
 / __________ \  |_|\_\  \_____/ 


     execution: local
        script: load-test/large-db-insert-async.js
        output: -

     scenarios: (100.00%) 1 scenario, 100 max VUs, 10m30s max duration (incl. graceful stop):
              * insert_async: 100 iterations for each of 100 VUs (maxDuration: 10m0s, gracefulStop: 30s)



  █ TOTAL RESULTS 

    HTTP
    http_req_duration..............: avg=2.64ms min=0s med=1.93ms max=46.01ms p(90)=5.03ms p(95)=7.39ms 
      { expected_response:true }...: avg=2.64ms min=0s med=1.93ms max=46.01ms p(90)=5.03ms p(95)=7.39ms 
    http_req_failed................: 0.00%  0 out of 10000
    http_reqs......................: 10000  25686.233412/s

    EXECUTION
    iteration_duration.............: avg=3.47ms min=0s med=2ms    max=46.56ms p(90)=7.47ms p(95)=13.87ms
    iterations.....................: 10000  25686.233412/s

    NETWORK
    data_received..................: 732 kB 1.9 MB/s
    data_sent......................: 1.4 MB 3.7 MB/s




running (00m00.4s), 000/100 VUs, 10000 complete and 0 interrupted iterations
insert_async ✓ [ 100% ] 100 VUs  00m00.4s/10m0s  10000/10000 iters, 100 per VU
